<html>
<body>
<pre>
<h1>µVision Build Log</h1>
<h2>Tool Versions:</h2>
IDE-Version: µVision V5.36.0.0
Copyright (C) 2021 ARM Ltd and ARM Germany GmbH. All rights reserved.
License Information: Aleksei Skupov, NIICHASPROM, LIC=50D7S-LSX71-D3HM3-A51T5-ESB40-P6YNX
 
Tool Versions:
Toolchain:       MDK-ARM Professional  Version: 5.36.0.0
Toolchain Path:  C:\Keil_v5\ARM\ARMCC\Bin
C Compiler:      Armcc.exe V5.06 update 7 (build 960)
Assembler:       Armasm.exe V5.06 update 7 (build 960)
Linker/Locator:  ArmLink.exe V5.06 update 7 (build 960)
Library Manager: ArmAr.exe V5.06 update 7 (build 960)
Hex Converter:   FromElf.exe V5.06 update 7 (build 960)
CPU DLL:         SARMCM3.DLL V5.36.0.0
Dialog DLL:      DCM.DLL V1.17.3.0
Target DLL:      Segger\JL2CM3.dll V2.99.40.0
Dialog DLL:      TCM.DLL V1.53.0.0
 
<h2>Project:</h2>
D:\DOCS\milandr_jobs\dds_control\dds_control.uvprojx
Project File Date:  04/23/2024

<h2>Output:</h2>
*** Using Compiler 'V5.06 update 7 (build 960)', folder: 'C:\Keil_v5\ARM\ARMCC\Bin'
Build target 'test'
compiling dds1367.c...
dds\dds1367.c(130): warning:  #177-D: function "SPI_TX_Mode0_LSB"  was declared but never referenced
  static uint8_t SPI_TX_Mode0_LSB(uint64_t data_byte, uint8_t number_bit)
dds\dds1367.c: 1 warning, 0 errors
linking...
Program Size: Code=6912 RO-data=320 RW-data=72 ZI-data=1792  
FromELF: creating hex file...
After Build - User command #1: cmd /c copy Obj\*.hex .
ë®·‚•¨• ≠• „§†•‚·Ô ≠†©‚® „™†ß†≠≠Î© Ø„‚Ï.
".\Objects\milandr_first.axf" - 0 Error(s), 1 Warning(s).

<h2>Software Packages used:</h2>

Package Vendor: Milandr
                https://ic.milandr.ru/soft/Milandr.MDR32FxQI.1.1.pack
                Milandr.MDR32FxQI.1.1
                Milandr MDR32FxQI Series Device Support, Drivers and Examples
   * Component: Startup Version: 2.1.0i

<h2>Collection of Component include folders:</h2>
  .\RTE\Device\MDR32F9Q2I
  .\RTE\_test
  C:\Users\ASkupov.CHASPROM\AppData\Local\Arm\Packs\Milandr\MDR32FxQI\1.1\Libraries\CMSIS\MDR32FxQI\CoreSupport\CM3
  C:\Users\ASkupov.CHASPROM\AppData\Local\Arm\Packs\Milandr\MDR32FxQI\1.1\Libraries\CMSIS\MDR32FxQI\DeviceSupport\MDR32F9Q2I\inc

<h2>Collection of Component Files used:</h2>

   * Component: Milandr::Device:Startup:2.1.0i
      Source file:   Libraries\CMSIS\MDR32FxQI\DeviceSupport\MDR32F9Q2I\startup\arm\startup_MDR32F9Q2I.S
      Source file:   Libraries\CMSIS\MDR32FxQI\DeviceSupport\MDR32F9Q2I\startup\system_MDR32F9Q2I.c
      Include file:  Libraries\CMSIS\MDR32FxQI\DeviceSupport\MDR32F9Q2I\startup\system_MDR32F9Q2I.h
      Include file:  Libraries\CMSIS\MDR32FxQI\DeviceSupport\MDR32F9Q2I\inc\MDR32F9Q2I.h
      Include file:  Libraries\CMSIS\MDR32FxQI\CoreSupport\CM3\core_cm3.h
      Include file:  Libraries\SPL\MDR32FxQI\MDR32FxQI_config.h
      Include file:  Libraries\SPL\MDR32FxQI\inc\IRQ_Handler_Template\MDR32F9Q2I_IT.h
      Source file:   Libraries\SPL\MDR32FxQI\src\IRQ_Handler_Template\MDR32F9Q2I_IT.c
Build Time Elapsed:  00:00:01
</pre>
</body>
</html>
