Component: ARM Compiler 5.06 update 7 (build 960) Tool: armlink [4d3601]

==============================================================================

Section Cross References

    can.o(i.CAN_A1_Send) refers to mdr32f9qx_can.o(i.CAN_ITClearErrorPendingBit) for CAN_ITClearErrorPendingBit
    can.o(i.CAN_A1_Send) refers to mdr32f9qx_can.o(i.CAN_Transmit) for CAN_Transmit
    can.o(i.CAN_A1_Send) refers to mnp_msg.o(.bss) for MKS2
    can.o(i.CAN_A1_Send) refers to can.o(.data) for canContext
    can.o(i.CAN_C2_Send) refers to mdr32f9qx_can.o(i.CAN_ITClearErrorPendingBit) for CAN_ITClearErrorPendingBit
    can.o(i.CAN_C2_Send) refers to mdr32f9qx_can.o(i.CAN_Transmit) for CAN_Transmit
    can.o(i.CAN_C2_Send) refers to mnp_msg.o(.bss) for MKS2
    can.o(i.CAN_C2_Send) refers to can.o(.data) for canContext
    can.o(i.CAN_RX_Process) refers to mdr32f9qx_can_helper.o(i.CAN_GetTEC) for CAN_GetTEC
    can.o(i.CAN_RX_Process) refers to mdr32f9qx_can.o(i.CAN_Cmd) for CAN_Cmd
    can.o(i.CAN_RX_Process) refers to mdr32f9qx_can.o(i.CAN_GetBufferStatus) for CAN_GetBufferStatus
    can.o(i.CAN_RX_Process) refers to mdr32f9qx_can_helper.o(i.CAN_MyGetRawReceivedData) for CAN_MyGetRawReceivedData
    can.o(i.CAN_RX_Process) refers to timers.o(i.xTimer_Delete) for xTimer_Delete
    can.o(i.CAN_RX_Process) refers to can.o(i.CAN_C2_Send) for CAN_C2_Send
    can.o(i.CAN_RX_Process) refers to timers.o(i.xTimer_Reload) for xTimer_Reload
    can.o(i.CAN_RX_Process) refers to mdr32f9qx_can_helper.o(i.CAN_ClearFlag) for CAN_ClearFlag
    can.o(i.CAN_RX_Process) refers to fflt_clz.o(x$fpl$ffltu) for __aeabi_ui2f
    can.o(i.CAN_RX_Process) refers to fdiv.o(x$fpl$fdiv) for __aeabi_fdiv
    can.o(i.CAN_RX_Process) refers to can.o(.bss) for RxMsg
    can.o(i.CAN_RX_Process) refers to can.o(.data) for canContext
    can.o(i.Init_CAN) refers to mdr32f9qx_rst_clk.o(i.RST_CLK_PCLKcmd) for RST_CLK_PCLKcmd
    can.o(i.Init_CAN) refers to mdr32f9qx_port.o(i.PORT_StructInit) for PORT_StructInit
    can.o(i.Init_CAN) refers to mdr32f9qx_port.o(i.PORT_Init) for PORT_Init
    can.o(i.Init_CAN) refers to mdr32f9qx_can.o(i.CAN_BRGInit) for CAN_BRGInit
    can.o(i.Init_CAN) refers to mdr32f9qx_can.o(i.CAN_DeInit) for CAN_DeInit
    can.o(i.Init_CAN) refers to mdr32f9qx_can.o(i.CAN_StructInit) for CAN_StructInit
    can.o(i.Init_CAN) refers to mdr32f9qx_can.o(i.CAN_Init) for CAN_Init
    can.o(i.Init_CAN) refers to mdr32f9qx_can_helper.o(i.CAN_Buffer_RX_Init) for CAN_Buffer_RX_Init
    can.o(i.Init_CAN) refers to mdr32f9qx_can_helper.o(i.CAN_Buffer_TX_Init) for CAN_Buffer_TX_Init
    can.o(i.Init_CAN) refers to mdr32f9qx_can.o(i.CAN_Cmd) for CAN_Cmd
    can.o(i.Init_CAN) refers to timers.o(i.xTimer_Create) for xTimer_Create
    can.o(i.Init_CAN) refers to can.o(.data) for tmContext
    can.o(i.Init_CAN) refers to can.o(i.CAN_A1_Send) for CAN_A1_Send
    can.o(i.Init_CAN) refers to pins.o(i.Get_Module_Address) for Get_Module_Address
    can.o(i.Init_CAN) refers to mnp_msg.o(.bss) for MKS2
    can.o(i.Init_CAN) refers to can.o(i.vTimerSelfC2RqstCallback) for vTimerSelfC2RqstCallback
    can.o(i.vTimerRCVSelfC2RqstTimeoutCallback) refers to timers.o(i.xTimer_Delete) for xTimer_Delete
    can.o(i.vTimerRCVSelfC2RqstTimeoutCallback) refers to can.o(.data) for fContext
    can.o(i.vTimerSelfC2RqstCallback) refers to timers.o(i.xTimer_Create) for xTimer_Create
    can.o(i.vTimerSelfC2RqstCallback) refers to mdr32f9qx_can_helper.o(i.CAN_GetCmdStatus) for CAN_GetCmdStatus
    can.o(i.vTimerSelfC2RqstCallback) refers to mdr32f9qx_can.o(i.CAN_Cmd) for CAN_Cmd
    can.o(i.vTimerSelfC2RqstCallback) refers to can.o(i.CAN_C2_Send) for CAN_C2_Send
    can.o(i.vTimerSelfC2RqstCallback) refers to can.o(i.vTimerRCVSelfC2RqstTimeoutCallback) for vTimerRCVSelfC2RqstTimeoutCallback
    can.o(i.vTimerSelfC2RqstCallback) refers to can.o(.data) for xTimerRCVSelfC2RqstTimeout
    main.o(i.CPUClk80MHz_Init) refers to mdr32f9qx_rst_clk.o(i.RST_CLK_HSEconfig) for RST_CLK_HSEconfig
    main.o(i.CPUClk80MHz_Init) refers to mdr32f9qx_rst_clk.o(i.RST_CLK_HSEstatus) for RST_CLK_HSEstatus
    main.o(i.CPUClk80MHz_Init) refers to pins.o(i.SetBiLED) for SetBiLED
    main.o(i.CPUClk80MHz_Init) refers to mdr32f9qx_rst_clk.o(i.RST_CLK_CPU_PLLconfig) for RST_CLK_CPU_PLLconfig
    main.o(i.CPUClk80MHz_Init) refers to mdr32f9qx_rst_clk.o(i.RST_CLK_CPU_PLLcmd) for RST_CLK_CPU_PLLcmd
    main.o(i.CPUClk80MHz_Init) refers to mdr32f9qx_rst_clk.o(i.RST_CLK_CPU_PLLstatus) for RST_CLK_CPU_PLLstatus
    main.o(i.CPUClk80MHz_Init) refers to mdr32f9qx_rst_clk.o(i.RST_CLK_PCLKcmd) for RST_CLK_PCLKcmd
    main.o(i.CPUClk80MHz_Init) refers to mdr32f9qx_eeprom.o(i.EEPROM_SetLatency) for EEPROM_SetLatency
    main.o(i.CPUClk80MHz_Init) refers to mdr32f9qx_rst_clk.o(i.RST_CLK_CPUclkPrescaler) for RST_CLK_CPUclkPrescaler
    main.o(i.CPUClk80MHz_Init) refers to mdr32f9qx_rst_clk.o(i.RST_CLK_CPU_PLLuse) for RST_CLK_CPU_PLLuse
[...]
    UART_TIMER_Init                          0x08003451   Thumb Code   108  timers.o(i.UART_TIMER_Init)
    i.UART_TX_Data                           0x080034c0   Section        0  uart_func.o(i.UART_TX_Data)
    UART_TX_Data                             0x080034c1   Thumb Code    50  uart_func.o(i.UART_TX_Data)
    i.USB_IRQHandler                         0x080034f2   Section        0  mdr32f9qx_it.o(i.USB_IRQHandler)
    i.UsageFault_Handler                     0x080034f4   Section        0  mdr32f9qx_it.o(i.UsageFault_Handler)
    i.WWDG_IRQHandler                        0x080034f8   Section        0  mdr32f9qx_it.o(i.WWDG_IRQHandler)
    i._is_digit                              0x080034fa   Section        0  __printf_wp.o(i._is_digit)
    i.cmp_date                               0x08003508   Section        0  time64.o(i.cmp_date)
    i.copy_TM64_to_tm                        0x080035aa   Section        0  time64.o(i.copy_TM64_to_tm)
    i.copy_tm_to_TM64                        0x080035c8   Section        0  time64.o(i.copy_tm_to_TM64)
    i.cycle_offset                           0x080035e6   Section        0  time64.o(i.cycle_offset)
    cycle_offset                             0x080035e7   Thumb Code    94  time64.o(i.cycle_offset)
    i.date_in_safe_range                     0x08003644   Section        0  time64.o(i.date_in_safe_range)
    i.fputc                                  0x08003670   Section        0  fputc.o(i.fputc)
    i.is_exception_century                   0x0800368a   Section        0  time64.o(i.is_exception_century)
    is_exception_century                     0x0800368b   Thumb Code    64  time64.o(i.is_exception_century)
    i.main                                   0x080036cc   Section        0  main.o(i.main)
    i.mktime64                               0x0800375c   Section        0  time64.o(i.mktime64)
    i.safe_year                              0x080037f8   Section        0  time64.o(i.safe_year)
    safe_year                                0x080037f9   Thumb Code   278  time64.o(i.safe_year)
    i.seconds_between_years                  0x08003998   Section        0  time64.o(i.seconds_between_years)
    seconds_between_years                    0x08003999   Thumb Code   434  time64.o(i.seconds_between_years)
    i.timers_ini                             0x08003b54   Section        0  timers.o(i.timers_ini)
    i.vTimerGPSCfgCallback                   0x08003b7c   Section        0  timers.o(i.vTimerGPSCfgCallback)
    vTimerGPSCfgCallback                     0x08003b7d   Thumb Code    70  timers.o(i.vTimerGPSCfgCallback)
    i.vTimerGPSPPSCtrlCallback               0x08003bcc   Section        0  timers.o(i.vTimerGPSPPSCtrlCallback)
    vTimerGPSPPSCtrlCallback                 0x08003bcd   Thumb Code    58  timers.o(i.vTimerGPSPPSCtrlCallback)
    i.vTimerGPSPPSTimeoutCallback            0x08003c1c   Section        0  timers.o(i.vTimerGPSPPSTimeoutCallback)
    vTimerGPSPPSTimeoutCallback              0x08003c1d   Thumb Code    30  timers.o(i.vTimerGPSPPSTimeoutCallback)
    i.vTimerGPSUARTTimeoutCallback           0x08003c44   Section        0  timers.o(i.vTimerGPSUARTTimeoutCallback)
    vTimerGPSUARTTimeoutCallback             0x08003c45   Thumb Code    46  timers.o(i.vTimerGPSUARTTimeoutCallback)
    i.vTimerRCVSelfC2RqstTimeoutCallback     0x08003c7c   Section        0  can.o(i.vTimerRCVSelfC2RqstTimeoutCallback)
    vTimerRCVSelfC2RqstTimeoutCallback       0x08003c7d   Thumb Code    30  can.o(i.vTimerRCVSelfC2RqstTimeoutCallback)
    i.vTimerSelfC2RqstCallback               0x08003ca0   Section        0  can.o(i.vTimerSelfC2RqstCallback)
    vTimerSelfC2RqstCallback                 0x08003ca1   Thumb Code    48  can.o(i.vTimerSelfC2RqstCallback)
    i.xTimer_Create                          0x08003cd8   Section        0  timers.o(i.xTimer_Create)
    i.xTimer_Delete                          0x08003d58   Section        0  timers.o(i.xTimer_Delete)
    i.xTimer_Init                            0x08003d78   Section        0  timers.o(i.xTimer_Init)
    i.xTimer_Reload                          0x08003d84   Section        0  timers.o(i.xTimer_Reload)
    i.xTimer_SetPeriod                       0x08003db8   Section        0  timers.o(i.xTimer_SetPeriod)
    i.xTimer_Task                            0x08003dcc   Section        0  timers.o(i.xTimer_Task)
    x$fpl$fcmpinf                            0x08003e34   Section       24  fcmpi.o(x$fpl$fcmpinf)
    x$fpl$fdiv                               0x08003e4c   Section      388  fdiv.o(x$fpl$fdiv)
    _fdiv1                                   0x08003e4d   Thumb Code     0  fdiv.o(x$fpl$fdiv)
    x$fpl$ffltu                              0x08003fd0   Section       38  fflt_clz.o(x$fpl$ffltu)
    x$fpl$fleqf                              0x08003ff8   Section      104  fleqf.o(x$fpl$fleqf)
    x$fpl$fnaninf                            0x08004060   Section      140  fnaninf.o(x$fpl$fnaninf)
    x$fpl$fretinf                            0x080040ec   Section       10  fretinf.o(x$fpl$fretinf)
    x$fpl$usenofp                            0x080040f6   Section        0  usenofp.o(x$fpl$usenofp)
    .constdata                               0x080040f8   Section       40  pins.o(.constdata)
    .constdata                               0x08004120   Section      360  time64.o(.constdata)
    SYSTEM_MKTIME_MAX                        0x08004120   Data          44  time64.o(.constdata)
    SYSTEM_MKTIME_MIN                        0x0800414c   Data          44  time64.o(.constdata)
    days_in_month                            0x08004178   Data          24  time64.o(.constdata)
    julian_days_by_month                     0x08004190   Data          48  time64.o(.constdata)
    length_of_year                           0x080041c0   Data           4  time64.o(.constdata)
    safe_years_high                          0x080041c4   Data          56  time64.o(.constdata)
    safe_years_low                           0x080041fc   Data         112  time64.o(.constdata)
    dow_year_start                           0x0800426c   Data          28  time64.o(.constdata)
    .constdata                               0x08004288   Section       40  _printf_hex_int.o(.constdata)
    uc_hextab                                0x08004288   Data          20  _printf_hex_int.o(.constdata)
    lc_hextab                                0x0800429c   Data          20  _printf_hex_int.o(.constdata)
    .constdata                               0x080042b0   Section       12  _monlen.o(.constdata)
    .constdata                               0x080042bc   Section        4  sys_io.o(.constdata)
    .constdata                               0x080042c0   Section        4  sys_io.o(.constdata)
    .constdata                               0x080042c4   Section        4  sys_io.o(.constdata)
    .data                                    0x20000000   Section       68  can.o(.data)
    m_Led                                    0x20000000   Data          16  can.o(.data)
    xTimerSelfC2Rqst                         0x20000010   Data           4  can.o(.data)
    xTimerRCVSelfC2RqstTimeout               0x20000014   Data           4  can.o(.data)
    MESSAGE_C2                               0x20000018   Data           8  can.o(.data)
    MESSAGE_A1                               0x20000020   Data           8  can.o(.data)
    MESSAGE_B_CONFIG                         0x20000028   Data           8  can.o(.data)
    MESSAGE_B_SERVICE                        0x20000030   Data           8  can.o(.data)
    tmContext                                0x20000038   Data           4  can.o(.data)
    fContext                                 0x2000003c   Data           4  can.o(.data)
    canContext                               0x20000040   Data           4  can.o(.data)
    .data                                    0x20000044   Section       16  main.o(.data)
    m_Led                                    0x20000044   Data          16  main.o(.data)
    .data                                    0x20000054   Section       20  mnp_msg.o(.data)
    m_Led                                    0x20000054   Data          16  mnp_msg.o(.data)
    byte_i                                   0x20000066   Data           2  mnp_msg.o(.data)
    .data                                    0x20000068   Section       16  pins.o(.data)
    m_Led                                    0x20000068   Data          16  pins.o(.data)
    .data                                    0x20000078   Section       17  uart_func.o(.data)
    m_Led                                    0x20000078   Data          16  uart_func.o(.data)
    .data                                    0x2000008c   Section        8  systick.o(.data)
    TicksCounter                             0x2000008c   Data           4  systick.o(.data)
    SysTick_CallbackFunction                 0x20000090   Data           4  systick.o(.data)
    .data                                    0x20000094   Section       36  timers.o(.data)
    m_Led                                    0x20000094   Data          16  timers.o(.data)
    xTimeNow                                 0x200000a4   Data           4  timers.o(.data)
    xTimerGPSPPSCtrl                         0x200000a8   Data           4  timers.o(.data)
    xTimerGPSPPSTimeout                      0x200000ac   Data           4  timers.o(.data)
    xTimerGPSUARTTimeout                     0x200000b0   Data           4  timers.o(.data)
    xTimerGPSCfg                             0x200000b4   Data           4  timers.o(.data)
    .data                                    0x200000b8   Section        4  system_mdr32f9qx.o(.data)
    .data                                    0x200000bc   Section        4  stdio_streams.o(.data)
    .data                                    0x200000c0   Section        4  stdio_streams.o(.data)
    .data                                    0x200000c4   Section        4  stdio_streams.o(.data)
    .bss                                     0x200000c8   Section       16  can.o(.bss)
    RxMsg                                    0x200000c8   Data          16  can.o(.bss)
    .bss                                     0x200000d8   Section     1096  mnp_msg.o(.bss)
    MNP_GET_MSG                              0x200000f0   Data         536  mnp_msg.o(.bss)
    MNP_PUT_MSG                              0x20000308   Data         536  mnp_msg.o(.bss)
    .bss                                     0x20000520   Section      588  uart_func.o(.bss)
    .bss                                     0x2000076c   Section      192  timers.o(.bss)
    xTimerList                               0x2000076c   Data         192  timers.o(.bss)
    .bss                                     0x2000082c   Section       84  stdio_streams.o(.bss)
    .bss                                     0x20000880   Section       84  stdio_streams.o(.bss)
    .bss                                     0x200008d4   Section       84  stdio_streams.o(.bss)
    .bss                                     0x20000928   Section       96  libspace.o(.bss)
    HEAP                                     0x20000988   Section      512  startup_mdr32f9qx.o(HEAP)
    Heap_Mem                                 0x20000988   Data         512  startup_mdr32f9qx.o(HEAP)
    STACK                                    0x20000b88   Section     1024  startup_mdr32f9qx.o(STACK)
    Stack_Mem                                0x20000b88   Data        1024  startup_mdr32f9qx.o(STACK)
    __initial_sp                             0x20000f88   Data           0  startup_mdr32f9qx.o(STACK)

    Global Symbols

    Symbol Name                              Value     Ov Type        Size  Object(Section)

    BuildAttributes$$THM_ISAv4$P$D$K$B$S$PE$A:L22UL41UL21$X:L11$S22US41US21$IEEE1$IW$USESV6$~STKCKD$USESV7$~SHL$OTIME$ROPI$EBA8$UX$STANDARDLIB$REQ8$PRES8$EABIv2 0x00000000   Number         0  anon$$obj.o ABSOLUTE
    __ARM_use_no_argv                        0x00000000   Number         0  main.o ABSOLUTE
    _printf_flags                            0x00000000   Number         0  printf_stubs.o ABSOLUTE
    _printf_return_value                     0x00000000   Number         0  printf_stubs.o ABSOLUTE
    _printf_sizespec                         0x00000000   Number         0  printf_stubs.o ABSOLUTE
    _printf_widthprec                        0x00000000   Number         0  printf_stubs.o ABSOLUTE
    __ARM_exceptions_init                     - Undefined Weak Reference
    __alloca_initialize                       - Undefined Weak Reference
    __arm_fini_                               - Undefined Weak Reference
    __arm_preinit_                            - Undefined Weak Reference
    __cpp_initialize__aeabi_                  - Undefined Weak Reference
    __cxa_finalize                            - Undefined Weak Reference
    __rt_locale                               - Undefined Weak Reference
    __sigvec_lookup                           - Undefined Weak Reference
    __user_heap_extent                        - Undefined Weak Reference
    _atexit_init                              - Undefined Weak Reference
    _call_atexit_fns                          - Undefined Weak Reference
    _clock_init                               - Undefined Weak Reference
    _fp_trap_init                             - Undefined Weak Reference
    _fp_trap_shutdown                         - Undefined Weak Reference
    _get_lc_collate                           - Undefined Weak Reference
    _get_lc_ctype                             - Undefined Weak Reference
    _get_lc_monetary                          - Undefined Weak Reference
    _get_lc_numeric                           - Undefined Weak Reference
    _get_lc_time                              - Undefined Weak Reference
    _getenv_init                              - Undefined Weak Reference
    _handle_redirection                       - Undefined Weak Reference
    _mutex_acquire                            - Undefined Weak Reference
    _mutex_free                               - Undefined Weak Reference
    _mutex_release                            - Undefined Weak Reference
    _printf_mbtowc                            - Undefined Weak Reference
    _printf_truncate_signed                   - Undefined Weak Reference
    _printf_truncate_unsigned                 - Undefined Weak Reference
    _rand_init                                - Undefined Weak Reference
    _signal_finish                            - Undefined Weak Reference
    _signal_init                              - Undefined Weak Reference
    __Vectors_Size                           0x000000c0   Number         0  startup_mdr32f9qx.o ABSOLUTE
    __Vectors                                0x08000000   Data           4  startup_mdr32f9qx.o(RESET)
    __Vectors_End                            0x080000c0   Data           0  startup_mdr32f9qx.o(RESET)
    __main                                   0x080000c1   Thumb Code     8  __main.o(!!!main)
    __scatterload                            0x080000c9   Thumb Code     0  __scatter.o(!!!scatter)
    __scatterload_rt2                        0x080000c9   Thumb Code    44  __scatter.o(!!!scatter)
    __scatterload_rt2_thumb_only             0x080000c9   Thumb Code     0  __scatter.o(!!!scatter)
    __scatterload_null                       0x080000d7   Thumb Code     0  __scatter.o(!!!scatter)
    __scatterload_copy                       0x080000fd   Thumb Code    26  __scatter_copy.o(!!handler_copy)
    __scatterload_zeroinit                   0x08000119   Thumb Code    28  __scatter_zi.o(!!handler_zi)
    _printf_percent                          0x08000135   Thumb Code     0  _printf_percent.o(.ARM.Collect$$_printf_percent$$00000000)
    _printf_x                                0x08000135   Thumb Code     0  _printf_x.o(.ARM.Collect$$_printf_percent$$0000000C)
    _printf_s                                0x0800013b   Thumb Code     0  _printf_s.o(.ARM.Collect$$_printf_percent$$00000014)
    _printf_percent_end                      0x08000141   Thumb Code     0  _printf_percent_end.o(.ARM.Collect$$_printf_percent$$00000017)
    __rt_lib_init                            0x08000145   Thumb Code     0  libinit.o(.ARM.Collect$$libinit$$00000000)
    __rt_lib_init_fp_1                       0x08000147   Thumb Code     0  libinit2.o(.ARM.Collect$$libinit$$00000002)
    __rt_lib_init_heap_2                     0x08000147   Thumb Code     0  libinit2.o(.ARM.Collect$$libinit$$00000005)
    __rt_lib_init_preinit_1                  0x08000147   Thumb Code     0  libinit2.o(.ARM.Collect$$libinit$$00000004)
    __rt_lib_init_atexit_1                   0x0800014f   Thumb Code     0  libinit2.o(.ARM.Collect$$libinit$$0000001B)
    __rt_lib_init_clock_1                    0x0800014f   Thumb Code     0  libinit2.o(.ARM.Collect$$libinit$$00000021)
    __rt_lib_init_fp_trap_1                  0x0800014f   Thumb Code     0  libinit2.o(.ARM.Collect$$libinit$$0000001F)
    __rt_lib_init_getenv_1                   0x0800014f   Thumb Code     0  libinit2.o(.ARM.Collect$$libinit$$00000023)
    __rt_lib_init_heap_1                     0x0800014f   Thumb Code     0  libinit2.o(.ARM.Collect$$libinit$$0000000A)
    __rt_lib_init_lc_collate_1               0x0800014f   Thumb Code     0  libinit2.o(.ARM.Collect$$libinit$$00000011)
    __rt_lib_init_lc_ctype_1                 0x0800014f   Thumb Code     0  libinit2.o(.ARM.Collect$$libinit$$00000013)
    __rt_lib_init_lc_monetary_1              0x0800014f   Thumb Code     0  libinit2.o(.ARM.Collect$$libinit$$00000015)
    __rt_lib_init_lc_numeric_1               0x0800014f   Thumb Code     0  libinit2.o(.ARM.Collect$$libinit$$00000017)
    __rt_lib_init_lc_time_1                  0x0800014f   Thumb Code     0  libinit2.o(.ARM.Collect$$libinit$$00000019)
    __rt_lib_init_rand_1                     0x0800014f   Thumb Code     0  libinit2.o(.ARM.Collect$$libinit$$0000000E)
    __rt_lib_init_signal_1                   0x0800014f   Thumb Code     0  libinit2.o(.ARM.Collect$$libinit$$0000001D)
    __rt_lib_init_stdio_2                    0x0800014f   Thumb Code     0  libinit2.o(.ARM.Collect$$libinit$$00000024)
    __rt_lib_init_user_alloc_1               0x0800014f   Thumb Code     0  libinit2.o(.ARM.Collect$$libinit$$0000000C)
    __rt_lib_init_alloca_1                   0x08000153   Thumb Code     0  libinit2.o(.ARM.Collect$$libinit$$0000002E)
    __rt_lib_init_argv_1                     0x08000153   Thumb Code     0  libinit2.o(.ARM.Collect$$libinit$$0000002C)
    __rt_lib_init_cpp_1                      0x08000153   Thumb Code     0  libinit2.o(.ARM.Collect$$libinit$$00000032)
    __rt_lib_init_exceptions_1               0x08000153   Thumb Code     0  libinit2.o(.ARM.Collect$$libinit$$00000030)
    __rt_lib_init_return                     0x08000153   Thumb Code     0  libinit2.o(.ARM.Collect$$libinit$$00000033)
    __rt_lib_init_stdio_1                    0x08000153   Thumb Code     0  libinit2.o(.ARM.Collect$$libinit$$00000025)
    __rt_lib_shutdown                        0x08000155   Thumb Code     0  libshutdown.o(.ARM.Collect$$libshutdown$$00000000)
    __rt_lib_shutdown_cpp_1                  0x08000157   Thumb Code     0  libshutdown2.o(.ARM.Collect$$libshutdown$$00000004)
    __rt_lib_shutdown_fini_1                 0x08000157   Thumb Code     0  libshutdown2.o(.ARM.Collect$$libshutdown$$00000002)
    __rt_lib_shutdown_stdio_2                0x08000157   Thumb Code     0  libshutdown2.o(.ARM.Collect$$libshutdown$$00000005)
    __rt_lib_shutdown_fp_trap_1              0x0800015b   Thumb Code     0  libshutdown2.o(.ARM.Collect$$libshutdown$$00000009)
    __rt_lib_shutdown_heap_1                 0x0800015b   Thumb Code     0  libshutdown2.o(.ARM.Collect$$libshutdown$$00000011)
    __rt_lib_shutdown_return                 0x0800015b   Thumb Code     0  libshutdown2.o(.ARM.Collect$$libshutdown$$00000012)
    __rt_lib_shutdown_signal_1               0x0800015b   Thumb Code     0  libshutdown2.o(.ARM.Collect$$libshutdown$$0000000C)
    __rt_lib_shutdown_stdio_1                0x0800015b   Thumb Code     0  libshutdown2.o(.ARM.Collect$$libshutdown$$00000006)
    __rt_lib_shutdown_user_alloc_1           0x0800015b   Thumb Code     0  libshutdown2.o(.ARM.Collect$$libshutdown$$0000000E)
    __rt_entry                               0x0800015d   Thumb Code     0  __rtentry.o(.ARM.Collect$$rtentry$$00000000)
    __rt_entry_presh_1                       0x0800015d   Thumb Code     0  __rtentry2.o(.ARM.Collect$$rtentry$$00000002)
    __rt_entry_sh                            0x0800015d   Thumb Code     0  __rtentry4.o(.ARM.Collect$$rtentry$$00000004)
    __rt_entry_li                            0x08000163   Thumb Code     0  __rtentry2.o(.ARM.Collect$$rtentry$$0000000A)
    __rt_entry_postsh_1                      0x08000163   Thumb Code     0  __rtentry2.o(.ARM.Collect$$rtentry$$00000009)
    __rt_entry_main                          0x08000167   Thumb Code     0  __rtentry2.o(.ARM.Collect$$rtentry$$0000000D)
    __rt_entry_postli_1                      0x08000167   Thumb Code     0  __rtentry2.o(.ARM.Collect$$rtentry$$0000000C)
    __rt_exit                                0x0800016f   Thumb Code     0  rtexit.o(.ARM.Collect$$rtexit$$00000000)
    __rt_exit_ls                             0x08000171   Thumb Code     0  rtexit2.o(.ARM.Collect$$rtexit$$00000003)
    __rt_exit_prels_1                        0x08000171   Thumb Code     0  rtexit2.o(.ARM.Collect$$rtexit$$00000002)
    __rt_exit_exit                           0x08000175   Thumb Code     0  rtexit2.o(.ARM.Collect$$rtexit$$00000004)
    Reset_Handler                            0x0800017d   Thumb Code     8  startup_mdr32f9qx.o(.text)
    _maybe_terminate_alloc                   0x0800017d   Thumb Code     0  maybetermalloc1.o(.emb_text)
    __user_initial_stackheap                 0x08000199   Thumb Code     0  startup_mdr32f9qx.o(.text)
    __aeabi_ldivmod                          0x080001bd   Thumb Code     0  llsdiv.o(.text)
    _ll_sdiv                                 0x080001bd   Thumb Code    72  llsdiv.o(.text)
    __2printf                                0x08000205   Thumb Code    20  noretval__2printf.o(.text)
    __2sprintf                               0x0800021d   Thumb Code    34  noretval__2sprintf.o(.text)
    _printf_str                              0x08000245   Thumb Code    82  _printf_str.o(.text)
    _printf_int_hex                          0x08000299   Thumb Code    84  _printf_hex_int.o(.text)
    _printf_longlong_hex                     0x08000299   Thumb Code     0  _printf_hex_int.o(.text)
    __printf                                 0x080002f1   Thumb Code   270  __printf_wp.o(.text)
    __aeabi_assert                           0x08000401   Thumb Code    86  assert.o(.text)
    __assert                                 0x08000401   Thumb Code     0  assert.o(.text)
    __aeabi_memcpy4                          0x08000481   Thumb Code     0  rt_memcpy_w.o(.text)
    __aeabi_memcpy8                          0x08000481   Thumb Code     0  rt_memcpy_w.o(.text)
    __rt_memcpy_w                            0x08000481   Thumb Code   100  rt_memcpy_w.o(.text)
    _memcpy_lastbytes_aligned                0x080004c9   Thumb Code     0  rt_memcpy_w.o(.text)
    __aeabi_memclr                           0x080004e5   Thumb Code     0  rt_memclr.o(.text)
    __rt_memclr                              0x080004e5   Thumb Code    68  rt_memclr.o(.text)
    _memset                                  0x080004e9   Thumb Code     0  rt_memclr.o(.text)
    __aeabi_memclr4                          0x08000529   Thumb Code     0  rt_memclr_w.o(.text)
    __aeabi_memclr8                          0x08000529   Thumb Code     0  rt_memclr_w.o(.text)
    __rt_memclr_w                            0x08000529   Thumb Code    78  rt_memclr_w.o(.text)
    _memset_w                                0x0800052d   Thumb Code     0  rt_memclr_w.o(.text)
    mktime                                   0x080005b7   Thumb Code   356  mktime.o(.text)
    __use_two_region_memory                  0x08000725   Thumb Code     2  heapauxi.o(.text)
    __rt_heap_escrow                         0x08000727   Thumb Code     2  heapauxi.o(.text)
    __rt_heap_expand                         0x08000729   Thumb Code     2  heapauxi.o(.text)
    __aeabi_uldivmod                         0x0800072b   Thumb Code     0  lludivv7m.o(.text)
    _ll_udiv                                 0x0800072b   Thumb Code   238  lludivv7m.o(.text)
    _printf_int_common                       0x08000819   Thumb Code   178  _printf_intcommon.o(.text)
    _printf_char_common                      0x080008d7   Thumb Code    32  _printf_char_common.o(.text)
    _sputc                                   0x080008fd   Thumb Code    10  _sputc.o(.text)
    _printf_cs_common                        0x08000907   Thumb Code    20  _printf_char.o(.text)
    _printf_char                             0x0800091b   Thumb Code    16  _printf_char.o(.text)
    _printf_string                           0x0800092b   Thumb Code     8  _printf_char.o(.text)
    _printf_char_file                        0x08000935   Thumb Code    32  _printf_char_file.o(.text)
    abort                                    0x08000959   Thumb Code    22  abort.o(.text)
    _ttywrch                                 0x0800096f   Thumb Code    14  sys_wrch.o(.text)
    _sys_exit                                0x0800097d   Thumb Code     8  sys_exit.o(.text)
    ferror                                   0x08000989   Thumb Code     8  ferror.o(.text)
    _initio                                  0x08000991   Thumb Code   210  initio.o(.text)
    _terminateio                             0x08000a63   Thumb Code    56  initio.o(.text)
    __rt_SIGABRT                             0x08000ac9   Thumb Code    14  defsig_abrt_outer.o(.text)
    _sys_open                                0x08000ad7   Thumb Code    20  sys_io.o(.text)
    _sys_close                               0x08000aeb   Thumb Code    12  sys_io.o(.text)
    _sys_write                               0x08000af7   Thumb Code    16  sys_io.o(.text)
    _sys_read                                0x08000b07   Thumb Code    14  sys_io.o(.text)
    _sys_istty                               0x08000b15   Thumb Code    12  sys_io.o(.text)
    _sys_seek                                0x08000b21   Thumb Code    14  sys_io.o(.text)
    _sys_ensure                              0x08000b2f   Thumb Code     2  sys_io.o(.text)
    _sys_flen                                0x08000b31   Thumb Code    12  sys_io.o(.text)
    __I$use$semihosting                      0x08000b3d   Thumb Code     0  use_no_semi.o(.text)
    __use_no_semihosting_swi                 0x08000b3d   Thumb Code     2  use_no_semi.o(.text)
    __semihosting_library_function           0x08000b3f   Thumb Code     0  indicate_semi.o(.text)
    __user_setup_stackheap                   0x08000b3f   Thumb Code    74  sys_stackheap_outer.o(.text)
    free                                     0x08000b89   Thumb Code    78  h1_free.o(.text)
    __flsbuf                                 0x08000bd7   Thumb Code   470  flsbuf.o(.text)
    __flsbuf_byte                            0x08000bd7   Thumb Code     0  flsbuf.o(.text)
    __flsbuf_wide                            0x08000bd7   Thumb Code     0  flsbuf.o(.text)
    setvbuf                                  0x08000dad   Thumb Code    70  setvbuf.o(.text)
    freopen                                  0x08000df5   Thumb Code   158  fopen.o(.text)
    fopen                                    0x08000e93   Thumb Code    74  fopen.o(.text)
    _fclose_internal                         0x08000ee1   Thumb Code    76  fclose.o(.text)
    fclose                                   0x08000ee1   Thumb Code     0  fclose.o(.text)
    exit                                     0x08000f2d   Thumb Code    18  exit.o(.text)
    __sig_exit                               0x08000f3f   Thumb Code    10  defsig_exit.o(.text)
    __rt_SIGABRT_inner                       0x08000f49   Thumb Code    14  defsig_abrt_inner.o(.text)
    __rt_SIGRTRED                            0x08000f79   Thumb Code    14  defsig_rtred_outer.o(.text)
    __user_libspace                          0x08000f89   Thumb Code     8  libspace.o(.text)
    __user_perproc_libspace                  0x08000f89   Thumb Code     0  libspace.o(.text)
    __user_perthread_libspace                0x08000f89   Thumb Code     0  libspace.o(.text)
    __rt_heap_descriptor                     0x08000f91   Thumb Code     8  rt_heap_descriptor_intlibspace.o(.text)
    __use_no_heap                            0x08000f99   Thumb Code     2  hguard.o(.text)
    __heap$guard                             0x08000f9b   Thumb Code     2  hguard.o(.text)
    _terminate_user_alloc                    0x08000f9d   Thumb Code     2  init_alloc.o(.text)
    _init_user_alloc                         0x08000f9f   Thumb Code     2  init_alloc.o(.text)
    __Heap_Full                              0x08000fa1   Thumb Code    34  init_alloc.o(.text)
    __Heap_Broken                            0x08000fc3   Thumb Code     6  init_alloc.o(.text)
    _init_alloc                              0x08000fc9   Thumb Code    94  init_alloc.o(.text)
    malloc                                   0x08001027   Thumb Code    94  h1_alloc.o(.text)
    _fseek                                   0x08001085   Thumb Code   242  fseek.o(.text)
    fseek                                    0x08001085   Thumb Code     0  fseek.o(.text)
    _seterr                                  0x0800117d   Thumb Code    20  stdio.o(.text)
    _writebuf                                0x08001191   Thumb Code    84  stdio.o(.text)
    _fflush                                  0x080011e5   Thumb Code    70  stdio.o(.text)
    _deferredlazyseek                        0x0800122b   Thumb Code    60  stdio.o(.text)
    __default_signal_display                 0x0800126d   Thumb Code    50  defsig_general.o(.text)
    __rt_SIGRTRED_inner                      0x080012a1   Thumb Code    14  defsig_rtred_inner.o(.text)
    __assert_puts                            0x080012d5   Thumb Code    18  assert_stdio.o(.text)
    strlen                                   0x080012ed   Thumb Code    62  strlen.o(.text)
    __Heap_Initialize                        0x0800132b   Thumb Code    10  h1_init.o(.text)
    __Heap_DescSize                          0x08001335   Thumb Code     4  h1_init.o(.text)
    __Heap_ProvideMemory                     0x08001339   Thumb Code    52  h1_extend.o(.text)
    _do_fflush                               0x0800136d   Thumb Code    54  fflush.o(.text)
    fflush                                   0x080013a3   Thumb Code    42  fflush.o(.text)
    fputs                                    0x080013d1   Thumb Code    34  fputs.o(.text)
    _ftell_internal                          0x080013f3   Thumb Code    66  ftell.o(.text)
    ftell                                    0x080013f3   Thumb Code     0  ftell.o(.text)
    __rt_SIGRTMEM                            0x08001435   Thumb Code    14  defsig_rtmem_outer.o(.text)
    __aeabi_errno_addr                       0x08001445   Thumb Code     8  rt_errno_addr_intlibspace.o(.text)
    __errno$intlibspace                      0x08001445   Thumb Code     0  rt_errno_addr_intlibspace.o(.text)
    __rt_errno_addr$intlibspace              0x08001445   Thumb Code     0  rt_errno_addr_intlibspace.o(.text)
    __rt_SIGRTMEM_inner                      0x0800144d   Thumb Code    22  defsig_rtmem_inner.o(.text)
    ADC_IRQHandler                           0x0800149d   Thumb Code     2  mdr32f9qx_it.o(i.ADC_IRQHandler)
    BACKUP_IRQHandler                        0x0800149f   Thumb Code     2  mdr32f9qx_it.o(i.BACKUP_IRQHandler)
    BKP_JTAGA_CMD                            0x080014a1   Thumb Code     6  mdr32f9qx_bkp.o(i.BKP_JTAGA_CMD)
    BKP_JTAGB_CMD                            0x080014ad   Thumb Code     6  mdr32f9qx_bkp.o(i.BKP_JTAGB_CMD)
    BusFault_Handler                         0x080014b9   Thumb Code     4  mdr32f9qx_it.o(i.BusFault_Handler)
    CAN1_IRQHandler                          0x080014bd   Thumb Code     2  mdr32f9qx_it.o(i.CAN1_IRQHandler)
    CAN2_IRQHandler                          0x080014bf   Thumb Code     2  mdr32f9qx_it.o(i.CAN2_IRQHandler)
    CAN_BRGInit                              0x08001575   Thumb Code    48  mdr32f9qx_can.o(i.CAN_BRGInit)
    CAN_Buffer_RX_Init                       0x080015ad   Thumb Code    56  mdr32f9qx_can_helper.o(i.CAN_Buffer_RX_Init)
    CAN_Buffer_TX_Init                       0x080015e5   Thumb Code    22  mdr32f9qx_can_helper.o(i.CAN_Buffer_TX_Init)
    CAN_ClearFlag                            0x080016cd   Thumb Code    22  mdr32f9qx_can_helper.o(i.CAN_ClearFlag)
    CAN_Cmd                                  0x080016e3   Thumb Code    20  mdr32f9qx_can.o(i.CAN_Cmd)
    CAN_DeInit                               0x080016f7   Thumb Code    42  mdr32f9qx_can.o(i.CAN_DeInit)
    CAN_GetBufferStatus                      0x08001721   Thumb Code    12  mdr32f9qx_can.o(i.CAN_GetBufferStatus)
    CAN_GetCmdStatus                         0x0800172d   Thumb Code    18  mdr32f9qx_can_helper.o(i.CAN_GetCmdStatus)
    CAN_GetTEC                               0x0800173f   Thumb Code     8  mdr32f9qx_can_helper.o(i.CAN_GetTEC)
    CAN_ITClearErrorPendingBit               0x08001747   Thumb Code     8  mdr32f9qx_can.o(i.CAN_ITClearErrorPendingBit)
    CAN_Init                                 0x0800174f   Thumb Code    98  mdr32f9qx_can.o(i.CAN_Init)
    CAN_MyGetRawReceivedData                 0x080017b1   Thumb Code   142  mdr32f9qx_can_helper.o(i.CAN_MyGetRawReceivedData)
    CAN_RX_Process                           0x08001841   Thumb Code   462  can.o(i.CAN_RX_Process)
    CAN_Receive                              0x08001a4b   Thumb Code    22  mdr32f9qx_can.o(i.CAN_Receive)
    CAN_StructInit                           0x08001a61   Thumb Code    38  mdr32f9qx_can.o(i.CAN_StructInit)
    CAN_Transmit                             0x08001a87   Thumb Code    96  mdr32f9qx_can.o(i.CAN_Transmit)
    COMPARATOR_IRQHandler                    0x08001ae7   Thumb Code     2  mdr32f9qx_it.o(i.COMPARATOR_IRQHandler)
    Create_Timer_configure_GPS               0x08001b59   Thumb Code    20  timers.o(i.Create_Timer_configure_GPS)
    DMA_IRQHandler                           0x08001b75   Thumb Code     2  mdr32f9qx_it.o(i.DMA_IRQHandler)
    DebugMon_Handler                         0x08001b77   Thumb Code     2  mdr32f9qx_it.o(i.DebugMon_Handler)
    Delay_MS                                 0x08001b79   Thumb Code    26  systick.o(i.Delay_MS)
    EEPROM_SetLatency                        0x08001b95   Thumb Code     6  mdr32f9qx_eeprom.o(i.EEPROM_SetLatency)
    EXT_INT1_IRQHandler                      0x08001ba1   Thumb Code     2  mdr32f9qx_it.o(i.EXT_INT1_IRQHandler)
    EXT_INT2_IRQHandler                      0x08001ba3   Thumb Code     2  mdr32f9qx_it.o(i.EXT_INT2_IRQHandler)
    EXT_INT3_IRQHandler                      0x08001ba5   Thumb Code     2  mdr32f9qx_it.o(i.EXT_INT3_IRQHandler)
    EXT_INT4_IRQHandler                      0x08001ba7   Thumb Code     2  mdr32f9qx_it.o(i.EXT_INT4_IRQHandler)
    Func_GPIO_Init                           0x08001ba9   Thumb Code    40  pins.o(i.Func_GPIO_Init)
    GPS_Config                               0x08001bd9   Thumb Code    20  mnp_msg.o(i.GPS_Config)
    GPS_Init                                 0x08001bf1   Thumb Code    26  mnp_msg.o(i.GPS_Init)
    GPS_PPS_DISABLE_IRQ_Callback             0x08001c11   Thumb Code    54  timers.o(i.GPS_PPS_DISABLE_IRQ_Callback)
    GPS_PPS_IRQ_Callback                     0x08001d85   Thumb Code    80  timers.o(i.GPS_PPS_IRQ_Callback)
    GPS_Reset                                0x08001e89   Thumb Code    28  pins.o(i.GPS_Reset)
    GPS_wait_data_Callback                   0x08001eed   Thumb Code    78  mnp_msg.o(i.GPS_wait_data_Callback)
    Get_Module_Address                       0x08001f49   Thumb Code    36  pins.o(i.Get_Module_Address)
    Get_SysTick                              0x08001f71   Thumb Code     6  systick.o(i.Get_SysTick)
    HardFault_Handler                        0x08001f7d   Thumb Code     8  mdr32f9qx_it.o(i.HardFault_Handler)
    I2C_IRQHandler                           0x08001f85   Thumb Code     2  mdr32f9qx_it.o(i.I2C_IRQHandler)
    Init_CAN                                 0x08001fdd   Thumb Code   394  can.o(i.Init_CAN)
    MKS_context_ini                          0x08002191   Thumb Code    82  mnp_msg.o(i.MKS_context_ini)
    MNP_UART_Init                            0x080023ed   Thumb Code    68  uart_func.o(i.MNP_UART_Init)
    MNP_UART_MSG_Puts                        0x08002445   Thumb Code    18  uart_func.o(i.MNP_UART_MSG_Puts)
    MemManage_Handler                        0x0800245d   Thumb Code     8  mdr32f9qx_it.o(i.MemManage_Handler)
    NMI_Handler                              0x08002465   Thumb Code     2  mdr32f9qx_it.o(i.NMI_Handler)
    PORT_Init                                0x080024cd   Thumb Code   450  mdr32f9qx_port.o(i.PORT_Init)
    PORT_ResetBits                           0x08002695   Thumb Code    22  mdr32f9qx_port.o(i.PORT_ResetBits)
    PORT_SetBits                             0x080026b1   Thumb Code    22  mdr32f9qx_port.o(i.PORT_SetBits)
    PORT_StructInit                          0x080026cd   Thumb Code    28  mdr32f9qx_port.o(i.PORT_StructInit)
    POWER_IRQHandler                         0x080026e9   Thumb Code     2  mdr32f9qx_it.o(i.POWER_IRQHandler)
    PendSV_Handler                           0x080028d5   Thumb Code     2  mdr32f9qx_it.o(i.PendSV_Handler)
    RING_Clear                               0x080028d7   Thumb Code    20  ring_buffer.o(i.RING_Clear)
    RING_GetCount                            0x080028eb   Thumb Code    36  ring_buffer.o(i.RING_GetCount)
    RING_Init                                0x0800290f   Thumb Code    30  ring_buffer.o(i.RING_Init)
    RING_Pop                                 0x0800292d   Thumb Code    26  ring_buffer.o(i.RING_Pop)
    RING_Put                                 0x08002947   Thumb Code    24  ring_buffer.o(i.RING_Put)
    RST_CLK_CPU_PLLcmd                       0x08002961   Thumb Code     6  mdr32f9qx_rst_clk.o(i.RST_CLK_CPU_PLLcmd)
    RST_CLK_CPU_PLLconfig                    0x0800296d   Thumb Code    54  mdr32f9qx_rst_clk.o(i.RST_CLK_CPU_PLLconfig)
    RST_CLK_CPU_PLLstatus                    0x080029ad   Thumb Code    52  mdr32f9qx_rst_clk.o(i.RST_CLK_CPU_PLLstatus)
    RST_CLK_CPU_PLLuse                       0x080029e1   Thumb Code     6  mdr32f9qx_rst_clk.o(i.RST_CLK_CPU_PLLuse)
    RST_CLK_CPUclkPrescaler                  0x080029ed   Thumb Code    18  mdr32f9qx_rst_clk.o(i.RST_CLK_CPUclkPrescaler)
    RST_CLK_CPUclkSelection                  0x08002a05   Thumb Code    16  mdr32f9qx_rst_clk.o(i.RST_CLK_CPUclkSelection)
    RST_CLK_GetClocksFreq                    0x08002a19   Thumb Code   620  mdr32f9qx_rst_clk.o(i.RST_CLK_GetClocksFreq)
    RST_CLK_GetFlagStatus                    0x08002c8d   Thumb Code    42  mdr32f9qx_rst_clk.o(i.RST_CLK_GetFlagStatus)
    RST_CLK_HSEconfig                        0x08002cc1   Thumb Code    56  mdr32f9qx_rst_clk.o(i.RST_CLK_HSEconfig)
    RST_CLK_HSEstatus                        0x08002cfd   Thumb Code    52  mdr32f9qx_rst_clk.o(i.RST_CLK_HSEstatus)
    RST_CLK_PCLKcmd                          0x08002d31   Thumb Code    26  mdr32f9qx_rst_clk.o(i.RST_CLK_PCLKcmd)
    Reload_Timer_GPS_UART_Timeout            0x08002d51   Thumb Code    12  timers.o(i.Reload_Timer_GPS_UART_Timeout)
    SSP1_IRQHandler                          0x08002d61   Thumb Code     2  mdr32f9qx_it.o(i.SSP1_IRQHandler)
    SSP2_IRQHandler                          0x08002d63   Thumb Code     2  mdr32f9qx_it.o(i.SSP2_IRQHandler)
    SVC_Handler                              0x08002d65   Thumb Code     2  mdr32f9qx_it.o(i.SVC_Handler)
    SetBiLED                                 0x08002d67   Thumb Code    98  pins.o(i.SetBiLED)
    Set_GNSS_interval                        0x08002dc9   Thumb Code    78  mnp_msg.o(i.Set_GNSS_interval)
    StartUpDelay                             0x08002e19   Thumb Code    46  main.o(i.StartUpDelay)
    SysTick_Handler                          0x08002e4d   Thumb Code    30  systick.o(i.SysTick_Handler)
    SysTick_Init                             0x08002e75   Thumb Code    22  systick.o(i.SysTick_Init)
    SystemCoreClockUpdate                    0x08002e95   Thumb Code   130  system_mdr32f9qx.o(i.SystemCoreClockUpdate)
    SystemInit                               0x08002f25   Thumb Code    54  system_mdr32f9qx.o(i.SystemInit)
    TIMER_BRGInit                            0x08002f65   Thumb Code    68  mdr32f9qx_timer.o(i.TIMER_BRGInit)
    TIMER_ChnInit                            0x08002fb9   Thumb Code    70  mdr32f9qx_timer.o(i.TIMER_ChnInit)
    TIMER_ChnStructInit                      0x08002fff   Thumb Code    28  mdr32f9qx_timer.o(i.TIMER_ChnStructInit)
    TIMER_ClearFlag                          0x0800301b   Thumb Code     8  mdr32f9qx_timer.o(i.TIMER_ClearFlag)
    TIMER_Cmd                                0x08003023   Thumb Code    20  mdr32f9qx_timer.o(i.TIMER_Cmd)
    TIMER_CntInit                            0x08003037   Thumb Code    54  mdr32f9qx_timer.o(i.TIMER_CntInit)
    TIMER_CntStructInit                      0x0800306d   Thumb Code    28  mdr32f9qx_timer.o(i.TIMER_CntStructInit)
    TIMER_DeInit                             0x08003089   Thumb Code    68  mdr32f9qx_timer.o(i.TIMER_DeInit)
    TIMER_GetITStatus                        0x080030cd   Thumb Code    24  mdr32f9qx_timer.o(i.TIMER_GetITStatus)
    TIMER_ITConfig                           0x080030e5   Thumb Code    18  mdr32f9qx_timer.o(i.TIMER_ITConfig)
    TIMER_SetCounter                         0x080030f7   Thumb Code     4  mdr32f9qx_timer.o(i.TIMER_SetCounter)
    Task_Control_LEDs                        0x080030fd   Thumb Code    50  main.o(i.Task_Control_LEDs)
    Timer1_IRQHandler                        0x08003139   Thumb Code     8  mdr32f9qx_it.o(i.Timer1_IRQHandler)
    Timer2_IRQHandler                        0x08003141   Thumb Code     8  mdr32f9qx_it.o(i.Timer2_IRQHandler)
    Timer3_IRQHandler                        0x08003149   Thumb Code     8  mdr32f9qx_it.o(i.Timer3_IRQHandler)
    UART1_IRQHandler                         0x08003151   Thumb Code     8  mdr32f9qx_it.o(i.UART1_IRQHandler)
    UART2_IRQHandler                         0x08003159   Thumb Code     8  mdr32f9qx_it.o(i.UART2_IRQHandler)
    UART_BRGInit                             0x0800318d   Thumb Code    48  mdr32f9qx_uart.o(i.UART_BRGInit)
    UART_CharReception_Callback              0x080031c9   Thumb Code    50  uart_func.o(i.UART_CharReception_Callback)
    UART_ClearITPendingBit                   0x08003209   Thumb Code     8  mdr32f9qx_uart.o(i.UART_ClearITPendingBit)
    UART_Cmd                                 0x08003211   Thumb Code    24  mdr32f9qx_uart.o(i.UART_Cmd)
    UART_GetFlagStatus                       0x08003229   Thumb Code    16  mdr32f9qx_uart.o(i.UART_GetFlagStatus)
    UART_GetITStatusMasked                   0x08003239   Thumb Code    16  mdr32f9qx_uart.o(i.UART_GetITStatusMasked)
    UART_ITConfig                            0x08003249   Thumb Code    18  mdr32f9qx_uart.o(i.UART_ITConfig)
    UART_Init                                0x0800325d   Thumb Code   162  mdr32f9qx_uart.o(i.UART_Init)
    UART_ReceiveData                         0x08003421   Thumb Code     8  mdr32f9qx_uart.o(i.UART_ReceiveData)
    UART_SendData                            0x08003429   Thumb Code     6  mdr32f9qx_uart.o(i.UART_SendData)
    UART_TIMER_Callback                      0x08003431   Thumb Code    28  timers.o(i.UART_TIMER_Callback)
    USB_IRQHandler                           0x080034f3   Thumb Code     2  mdr32f9qx_it.o(i.USB_IRQHandler)
    UsageFault_Handler                       0x080034f5   Thumb Code     4  mdr32f9qx_it.o(i.UsageFault_Handler)
    WWDG_IRQHandler                          0x080034f9   Thumb Code     2  mdr32f9qx_it.o(i.WWDG_IRQHandler)
    _is_digit                                0x080034fb   Thumb Code    14  __printf_wp.o(i._is_digit)
    cmp_date                                 0x08003509   Thumb Code   162  time64.o(i.cmp_date)
    copy_TM64_to_tm                          0x080035ab   Thumb Code    30  time64.o(i.copy_TM64_to_tm)
    copy_tm_to_TM64                          0x080035c9   Thumb Code    30  time64.o(i.copy_tm_to_TM64)
    date_in_safe_range                       0x08003645   Thumb Code    44  time64.o(i.date_in_safe_range)
    fputc                                    0x08003671   Thumb Code    26  fputc.o(i.fputc)
    main                                     0x080036cd   Thumb Code   132  main.o(i.main)
    mktime64                                 0x0800375d   Thumb Code   148  time64.o(i.mktime64)
    timers_ini                               0x08003b55   Thumb Code    30  timers.o(i.timers_ini)
    xTimer_Create                            0x08003cd9   Thumb Code   120  timers.o(i.xTimer_Create)
    xTimer_Delete                            0x08003d59   Thumb Code    26  timers.o(i.xTimer_Delete)
    xTimer_Init                              0x08003d79   Thumb Code     6  timers.o(i.xTimer_Init)
    xTimer_Reload                            0x08003d85   Thumb Code    44  timers.o(i.xTimer_Reload)
    xTimer_SetPeriod                         0x08003db9   Thumb Code    14  timers.o(i.xTimer_SetPeriod)
    xTimer_Task                              0x08003dcd   Thumb Code   100  timers.o(i.xTimer_Task)
    __fpl_fcmp_Inf                           0x08003e35   Thumb Code    24  fcmpi.o(x$fpl$fcmpinf)
    __aeabi_fdiv                             0x08003e4d   Thumb Code     0  fdiv.o(x$fpl$fdiv)
    _fdiv                                    0x08003e4d   Thumb Code   384  fdiv.o(x$fpl$fdiv)
    __aeabi_ui2f                             0x08003fd1   Thumb Code     0  fflt_clz.o(x$fpl$ffltu)
    _ffltu                                   0x08003fd1   Thumb Code    38  fflt_clz.o(x$fpl$ffltu)
    __aeabi_cfcmple                          0x08003ff9   Thumb Code     0  fleqf.o(x$fpl$fleqf)
    _fcmple                                  0x08003ff9   Thumb Code   104  fleqf.o(x$fpl$fleqf)
    __fpl_fcmple_InfNaN                      0x0800404b   Thumb Code     0  fleqf.o(x$fpl$fleqf)
    __fpl_fnaninf                            0x08004061   Thumb Code   140  fnaninf.o(x$fpl$fnaninf)
    __fpl_fretinf                            0x080040ed   Thumb Code    10  fretinf.o(x$fpl$fretinf)
    __I$use$fp                               0x080040f6   Number         0  usenofp.o(x$fpl$usenofp)
    _monlen                                  0x080042b0   Data          12  _monlen.o(.constdata)
    __stdin_name                             0x080042bc   Data           4  sys_io.o(.constdata)
    __stdout_name                            0x080042c0   Data           4  sys_io.o(.constdata)
    __stderr_name                            0x080042c4   Data           4  sys_io.o(.constdata)
    Region$$Table$$Base                      0x080042c8   Number         0  anon$$obj.o(Region$$Table)
    Region$$Table$$Limit                     0x080042e8   Number         0  anon$$obj.o(Region$$Table)
    MNP_M7_CFG                               0x20000064   Data           1  mnp_msg.o(.data)
    count                                    0x20000088   Data           1  uart_func.o(.data)
    SystemCoreClock                          0x200000b8   Data           4  system_mdr32f9qx.o(.data)
    __aeabi_stdin                            0x200000bc   Data           4  stdio_streams.o(.data)
    __aeabi_stdout                           0x200000c0   Data           4  stdio_streams.o(.data)
    __aeabi_stderr                           0x200000c4   Data           4  stdio_streams.o(.data)
    MKS2                                     0x200000d8   Data          22  mnp_msg.o(.bss)
    DBG_buffer                               0x20000520   Data          64  uart_func.o(.bss)
    RING_buffer                              0x20000560   Data          12  uart_func.o(.bss)
    uart_buffer                              0x2000056c   Data         512  uart_func.o(.bss)
    __stdin                                  0x2000082c   Data          84  stdio_streams.o(.bss)
    __stdout                                 0x20000880   Data          84  stdio_streams.o(.bss)
    __stderr                                 0x200008d4   Data          84  stdio_streams.o(.bss)
    __libspace_start                         0x20000928   Data          96  libspace.o(.bss)
    __temporary_stack_top$libspace           0x20000988   Data           0  libspace.o(.bss)



==============================================================================

Memory Map of the image

  Image Entry point : 0x080000c1

  Load Region LR_IROM1 (Base: 0x08000000, Size: 0x000043b0, Max: 0x00020000, ABSOLUTE)

    Execution Region ER_IROM1 (Exec base: 0x08000000, Load base: 0x08000000, Size: 0x000042e8, Max: 0x00020000, ABSOLUTE)

    Exec Addr    Load Addr    Size         Type   Attr      Idx    E Section Name        Object

    0x08000000   0x08000000   0x000000c0   Data   RO         3631    RESET               startup_mdr32f9qx.o
    0x080000c0   0x080000c0   0x00000008   Code   RO         3897  * !!!main             c_w.l(__main.o)
    0x080000c8   0x080000c8   0x00000034   Code   RO         4290    !!!scatter          c_w.l(__scatter.o)
    0x080000fc   0x080000fc   0x0000001a   Code   RO         4292    !!handler_copy      c_w.l(__scatter_copy.o)
    0x08000116   0x08000116   0x00000002   PAD
    0x08000118   0x08000118   0x0000001c   Code   RO         4294    !!handler_zi        c_w.l(__scatter_zi.o)
    0x08000134   0x08000134   0x00000000   Code   RO         3877    .ARM.Collect$$_printf_percent$$00000000  c_w.l(_printf_percent.o)
    0x08000134   0x08000134   0x00000006   Code   RO         3875    .ARM.Collect$$_printf_percent$$0000000C  c_w.l(_printf_x.o)
    0x0800013a   0x0800013a   0x00000006   Code   RO         3874    .ARM.Collect$$_printf_percent$$00000014  c_w.l(_printf_s.o)
    0x08000140   0x08000140   0x00000004   Code   RO         3924    .ARM.Collect$$_printf_percent$$00000017  c_w.l(_printf_percent_end.o)
    0x08000144   0x08000144   0x00000002   Code   RO         4086    .ARM.Collect$$libinit$$00000000  c_w.l(libinit.o)
    0x08000146   0x08000146   0x00000000   Code   RO         4088    .ARM.Collect$$libinit$$00000002  c_w.l(libinit2.o)
    0x08000146   0x08000146   0x00000000   Code   RO         4090    .ARM.Collect$$libinit$$00000004  c_w.l(libinit2.o)
    0x08000146   0x08000146   0x00000008   Code   RO         4091    .ARM.Collect$$libinit$$00000005  c_w.l(libinit2.o)
    0x0800014e   0x0800014e   0x00000000   Code   RO         4093    .ARM.Collect$$libinit$$0000000A  c_w.l(libinit2.o)
    0x0800014e   0x0800014e   0x00000000   Code   RO         4095    .ARM.Collect$$libinit$$0000000C  c_w.l(libinit2.o)
    0x0800014e   0x0800014e   0x00000000   Code   RO         4097    .ARM.Collect$$libinit$$0000000E  c_w.l(libinit2.o)
    0x0800014e   0x0800014e   0x00000000   Code   RO         4100    .ARM.Collect$$libinit$$00000011  c_w.l(libinit2.o)
    0x0800014e   0x0800014e   0x00000000   Code   RO         4102    .ARM.Collect$$libinit$$00000013  c_w.l(libinit2.o)
    0x0800014e   0x0800014e   0x00000000   Code   RO         4104    .ARM.Collect$$libinit$$00000015  c_w.l(libinit2.o)
    0x0800014e   0x0800014e   0x00000000   Code   RO         4106    .ARM.Collect$$libinit$$00000017  c_w.l(libinit2.o)
    0x0800014e   0x0800014e   0x00000000   Code   RO         4108    .ARM.Collect$$libinit$$00000019  c_w.l(libinit2.o)
    0x0800014e   0x0800014e   0x00000000   Code   RO         4110    .ARM.Collect$$libinit$$0000001B  c_w.l(libinit2.o)
    0x0800014e   0x0800014e   0x00000000   Code   RO         4112    .ARM.Collect$$libinit$$0000001D  c_w.l(libinit2.o)
    0x0800014e   0x0800014e   0x00000000   Code   RO         4114    .ARM.Collect$$libinit$$0000001F  c_w.l(libinit2.o)
    0x0800014e   0x0800014e   0x00000000   Code   RO         4116    .ARM.Collect$$libinit$$00000021  c_w.l(libinit2.o)
    0x0800014e   0x0800014e   0x00000000   Code   RO         4118    .ARM.Collect$$libinit$$00000023  c_w.l(libinit2.o)
    0x0800014e   0x0800014e   0x00000004   Code   RO         4119    .ARM.Collect$$libinit$$00000024  c_w.l(libinit2.o)
    0x08000152   0x08000152   0x00000000   Code   RO         4120    .ARM.Collect$$libinit$$00000025  c_w.l(libinit2.o)
    0x08000152   0x08000152   0x00000000   Code   RO         4124    .ARM.Collect$$libinit$$0000002C  c_w.l(libinit2.o)
    0x08000152   0x08000152   0x00000000   Code   RO         4126    .ARM.Collect$$libinit$$0000002E  c_w.l(libinit2.o)
    0x08000152   0x08000152   0x00000000   Code   RO         4128    .ARM.Collect$$libinit$$00000030  c_w.l(libinit2.o)
    0x08000152   0x08000152   0x00000000   Code   RO         4130    .ARM.Collect$$libinit$$00000032  c_w.l(libinit2.o)
    0x08000152   0x08000152   0x00000002   Code   RO         4131    .ARM.Collect$$libinit$$00000033  c_w.l(libinit2.o)
    0x08000154   0x08000154   0x00000002   Code   RO         4283    .ARM.Collect$$libshutdown$$00000000  c_w.l(libshutdown.o)
    0x08000156   0x08000156   0x00000000   Code   RO         4133    .ARM.Collect$$libshutdown$$00000002  c_w.l(libshutdown2.o)
    0x08000156   0x08000156   0x00000000   Code   RO         4135    .ARM.Collect$$libshutdown$$00000004  c_w.l(libshutdown2.o)
    0x08000156   0x08000156   0x00000004   Code   RO         4136    .ARM.Collect$$libshutdown$$00000005  c_w.l(libshutdown2.o)
    0x0800015a   0x0800015a   0x00000000   Code   RO         4137    .ARM.Collect$$libshutdown$$00000006  c_w.l(libshutdown2.o)
    0x0800015a   0x0800015a   0x00000000   Code   RO         4140    .ARM.Collect$$libshutdown$$00000009  c_w.l(libshutdown2.o)
    0x0800015a   0x0800015a   0x00000000   Code   RO         4143    .ARM.Collect$$libshutdown$$0000000C  c_w.l(libshutdown2.o)
    0x0800015a   0x0800015a   0x00000000   Code   RO         4145    .ARM.Collect$$libshutdown$$0000000E  c_w.l(libshutdown2.o)
    0x0800015a   0x0800015a   0x00000000   Code   RO         4148    .ARM.Collect$$libshutdown$$00000011  c_w.l(libshutdown2.o)
    0x0800015a   0x0800015a   0x00000002   Code   RO         4149    .ARM.Collect$$libshutdown$$00000012  c_w.l(libshutdown2.o)
    0x0800015c   0x0800015c   0x00000000   Code   RO         3911    .ARM.Collect$$rtentry$$00000000  c_w.l(__rtentry.o)
    0x0800015c   0x0800015c   0x00000000   Code   RO         3948    .ARM.Collect$$rtentry$$00000002  c_w.l(__rtentry2.o)
    0x0800015c   0x0800015c   0x00000006   Code   RO         3960    .ARM.Collect$$rtentry$$00000004  c_w.l(__rtentry4.o)
    0x08000162   0x08000162   0x00000000   Code   RO         3950    .ARM.Collect$$rtentry$$00000009  c_w.l(__rtentry2.o)
    0x08000162   0x08000162   0x00000004   Code   RO         3951    .ARM.Collect$$rtentry$$0000000A  c_w.l(__rtentry2.o)
    0x08000166   0x08000166   0x00000000   Code   RO         3953    .ARM.Collect$$rtentry$$0000000C  c_w.l(__rtentry2.o)
    0x08000166   0x08000166   0x00000008   Code   RO         3954    .ARM.Collect$$rtentry$$0000000D  c_w.l(__rtentry2.o)
    0x0800016e   0x0800016e   0x00000002   Code   RO         4155    .ARM.Collect$$rtexit$$00000000  c_w.l(rtexit.o)
    0x08000170   0x08000170   0x00000000   Code   RO         4213    .ARM.Collect$$rtexit$$00000002  c_w.l(rtexit2.o)
    0x08000170   0x08000170   0x00000004   Code   RO         4214    .ARM.Collect$$rtexit$$00000003  c_w.l(rtexit2.o)
    0x08000174   0x08000174   0x00000006   Code   RO         4215    .ARM.Collect$$rtexit$$00000004  c_w.l(rtexit2.o)
    0x0800017a   0x0800017a   0x00000002   PAD
    0x0800017c   0x0800017c   0x00000000   Code   RO         4219    .emb_text           c_w.l(maybetermalloc1.o)
    0x0800017c   0x0800017c   0x00000040   Code   RO         3632    .text               startup_mdr32f9qx.o
    0x080001bc   0x080001bc   0x00000048   Code   RO         3815    .text               c_w.l(llsdiv.o)
    0x08000204   0x08000204   0x00000018   Code   RO         3821    .text               c_w.l(noretval__2printf.o)
    0x0800021c   0x0800021c   0x00000028   Code   RO         3823    .text               c_w.l(noretval__2sprintf.o)
    0x08000244   0x08000244   0x00000052   Code   RO         3829    .text               c_w.l(_printf_str.o)
    0x08000296   0x08000296   0x00000002   PAD
    0x08000298   0x08000298   0x00000058   Code   RO         3836    .text               c_w.l(_printf_hex_int.o)
    0x080002f0   0x080002f0   0x0000010e   Code   RO         3862    .text               c_w.l(__printf_wp.o)
    0x080003fe   0x080003fe   0x00000002   PAD
    0x08000400   0x08000400   0x00000080   Code   RO         3878    .text               c_w.l(assert.o)
    0x08000480   0x08000480   0x00000064   Code   RO         3880    .text               c_w.l(rt_memcpy_w.o)
    0x080004e4   0x080004e4   0x00000044   Code   RO         3882    .text               c_w.l(rt_memclr.o)
    0x08000528   0x08000528   0x0000004e   Code   RO         3884    .text               c_w.l(rt_memclr_w.o)
    0x08000576   0x08000576   0x00000002   PAD
    0x08000578   0x08000578   0x000001ac   Code   RO         3891    .text               c_w.l(mktime.o)
    0x08000724   0x08000724   0x00000006   Code   RO         3895    .text               c_w.l(heapauxi.o)
    0x0800072a   0x0800072a   0x000000ee   Code   RO         3912    .text               c_w.l(lludivv7m.o)
    0x08000818   0x08000818   0x000000b2   Code   RO         3914    .text               c_w.l(_printf_intcommon.o)
    0x080008ca   0x080008ca   0x00000002   PAD
    0x080008cc   0x080008cc   0x00000030   Code   RO         3916    .text               c_w.l(_printf_char_common.o)
    0x080008fc   0x080008fc   0x0000000a   Code   RO         3918    .text               c_w.l(_sputc.o)
    0x08000906   0x08000906   0x0000002c   Code   RO         3920    .text               c_w.l(_printf_char.o)
    0x08000932   0x08000932   0x00000002   PAD
    0x08000934   0x08000934   0x00000024   Code   RO         3922    .text               c_w.l(_printf_char_file.o)
    0x08000958   0x08000958   0x00000016   Code   RO         3931    .text               c_w.l(abort.o)
    0x0800096e   0x0800096e   0x0000000e   Code   RO         3943    .text               c_w.l(sys_wrch.o)
    0x0800097c   0x0800097c   0x0000000c   Code   RO         3945    .text               c_w.l(sys_exit.o)
    0x08000988   0x08000988   0x00000008   Code   RO         3968    .text               c_w.l(ferror.o)
    0x08000990   0x08000990   0x00000138   Code   RO         3974    .text               c_w.l(initio.o)
    0x08000ac8   0x08000ac8   0x0000000e   Code   RO         3982    .text               c_w.l(defsig_abrt_outer.o)
    0x08000ad6   0x08000ad6   0x00000066   Code   RO         3986    .text               c_w.l(sys_io.o)
    0x08000b3c   0x08000b3c   0x00000002   Code   RO         3991    .text               c_w.l(use_no_semi.o)
    0x08000b3e   0x08000b3e   0x00000000   Code   RO         3995    .text               c_w.l(indicate_semi.o)
    0x08000b3e   0x08000b3e   0x0000004a   Code   RO         3996    .text               c_w.l(sys_stackheap_outer.o)
    0x08000b88   0x08000b88   0x0000004e   Code   RO         4004    .text               c_w.l(h1_free.o)
    0x08000bd6   0x08000bd6   0x000001d6   Code   RO         4058    .text               c_w.l(flsbuf.o)
    0x08000dac   0x08000dac   0x00000046   Code   RO         4060    .text               c_w.l(setvbuf.o)
    0x08000df2   0x08000df2   0x00000002   PAD
    0x08000df4   0x08000df4   0x000000ec   Code   RO         4063    .text               c_w.l(fopen.o)
    0x08000ee0   0x08000ee0   0x0000004c   Code   RO         4065    .text               c_w.l(fclose.o)
    0x08000f2c   0x08000f2c   0x00000012   Code   RO         4071    .text               c_w.l(exit.o)
    0x08000f3e   0x08000f3e   0x0000000a   Code   RO         4073    .text               c_w.l(defsig_exit.o)
    0x08000f48   0x08000f48   0x00000030   Code   RO         4075    .text               c_w.l(defsig_abrt_inner.o)
    0x08000f78   0x08000f78   0x0000000e   Code   RO         4077    .text               c_w.l(defsig_rtred_outer.o)
    0x08000f86   0x08000f86   0x00000002   PAD
    0x08000f88   0x08000f88   0x00000008   Code   RO         4152    .text               c_w.l(libspace.o)
    0x08000f90   0x08000f90   0x00000008   Code   RO         4160    .text               c_w.l(rt_heap_descriptor_intlibspace.o)
    0x08000f98   0x08000f98   0x00000004   Code   RO         4162    .text               c_w.l(hguard.o)
    0x08000f9c   0x08000f9c   0x0000008a   Code   RO         4164    .text               c_w.l(init_alloc.o)
    0x08001026   0x08001026   0x0000005e   Code   RO         4170    .text               c_w.l(h1_alloc.o)
    0x08001084   0x08001084   0x000000f8   Code   RO         4186    .text               c_w.l(fseek.o)
    0x0800117c   0x0800117c   0x000000f0   Code   RO         4188    .text               c_w.l(stdio.o)
    0x0800126c   0x0800126c   0x00000032   Code   RO         4196    .text               c_w.l(defsig_general.o)
    0x0800129e   0x0800129e   0x00000002   PAD
    0x080012a0   0x080012a0   0x00000034   Code   RO         4202    .text               c_w.l(defsig_rtred_inner.o)
    0x080012d4   0x080012d4   0x00000018   Code   RO         4204    .text               c_w.l(assert_stdio.o)
    0x080012ec   0x080012ec   0x0000003e   Code   RO         4206    .text               c_w.l(strlen.o)
    0x0800132a   0x0800132a   0x0000000e   Code   RO         4221    .text               c_w.l(h1_init.o)
    0x08001338   0x08001338   0x00000034   Code   RO         4223    .text               c_w.l(h1_extend.o)
    0x0800136c   0x0800136c   0x00000064   Code   RO         4229    .text               c_w.l(fflush.o)
    0x080013d0   0x080013d0   0x00000022   Code   RO         4231    .text               c_w.l(fputs.o)
    0x080013f2   0x080013f2   0x00000042   Code   RO         4233    .text               c_w.l(ftell.o)
    0x08001434   0x08001434   0x0000000e   Code   RO         4241    .text               c_w.l(defsig_rtmem_outer.o)
    0x08001442   0x08001442   0x00000002   PAD
    0x08001444   0x08001444   0x00000008   Code   RO         4263    .text               c_w.l(rt_errno_addr_intlibspace.o)
    0x0800144c   0x0800144c   0x00000050   Code   RO         4269    .text               c_w.l(defsig_rtmem_inner.o)
    0x0800149c   0x0800149c   0x00000002   Code   RO          211    i.ADC_IRQHandler    mdr32f9qx_it.o
    0x0800149e   0x0800149e   0x00000002   Code   RO          212    i.BACKUP_IRQHandler  mdr32f9qx_it.o
    0x080014a0   0x080014a0   0x0000000c   Code   RO         1349    i.BKP_JTAGA_CMD     mdr32f9qx_bkp.o
    0x080014ac   0x080014ac   0x0000000c   Code   RO         1350    i.BKP_JTAGB_CMD     mdr32f9qx_bkp.o
    0x080014b8   0x080014b8   0x00000004   Code   RO          213    i.BusFault_Handler  mdr32f9qx_it.o
    0x080014bc   0x080014bc   0x00000002   Code   RO          214    i.CAN1_IRQHandler   mdr32f9qx_it.o
    0x080014be   0x080014be   0x00000002   Code   RO          215    i.CAN2_IRQHandler   mdr32f9qx_it.o
    0x080014c0   0x080014c0   0x000000b4   Code   RO            3    i.CAN_A1_Send       can.o
    0x08001574   0x08001574   0x00000038   Code   RO         1452    i.CAN_BRGInit       mdr32f9qx_can.o
    0x080015ac   0x080015ac   0x00000038   Code   RO          952    i.CAN_Buffer_RX_Init  mdr32f9qx_can_helper.o
    0x080015e4   0x080015e4   0x00000016   Code   RO          953    i.CAN_Buffer_TX_Init  mdr32f9qx_can_helper.o
    0x080015fa   0x080015fa   0x00000002   PAD
    0x080015fc   0x080015fc   0x000000d0   Code   RO            4    i.CAN_C2_Send       can.o
    0x080016cc   0x080016cc   0x00000016   Code   RO          954    i.CAN_ClearFlag     mdr32f9qx_can_helper.o
    0x080016e2   0x080016e2   0x00000014   Code   RO         1454    i.CAN_Cmd           mdr32f9qx_can.o
    0x080016f6   0x080016f6   0x0000002a   Code   RO         1455    i.CAN_DeInit        mdr32f9qx_can.o
    0x08001720   0x08001720   0x0000000c   Code   RO         1457    i.CAN_GetBufferStatus  mdr32f9qx_can.o
    0x0800172c   0x0800172c   0x00000012   Code   RO          955    i.CAN_GetCmdStatus  mdr32f9qx_can_helper.o
    0x0800173e   0x0800173e   0x00000008   Code   RO          957    i.CAN_GetTEC        mdr32f9qx_can_helper.o
    0x08001746   0x08001746   0x00000008   Code   RO         1467    i.CAN_ITClearErrorPendingBit  mdr32f9qx_can.o
    0x0800174e   0x0800174e   0x00000062   Code   RO         1470    i.CAN_Init          mdr32f9qx_can.o
    0x080017b0   0x080017b0   0x0000008e   Code   RO          958    i.CAN_MyGetRawReceivedData  mdr32f9qx_can_helper.o
    0x0800183e   0x0800183e   0x00000002   PAD
    0x08001840   0x08001840   0x000001fc   Code   RO            5    i.CAN_RX_Process    can.o
    0x08001a3c   0x08001a3c   0x0000000e   Code   RO          959    i.CAN_ReadBufferSFR  mdr32f9qx_can_helper.o
    0x08001a4a   0x08001a4a   0x00000016   Code   RO         1473    i.CAN_Receive       mdr32f9qx_can.o
    0x08001a60   0x08001a60   0x00000026   Code   RO         1476    i.CAN_StructInit    mdr32f9qx_can.o
    0x08001a86   0x08001a86   0x00000060   Code   RO         1477    i.CAN_Transmit      mdr32f9qx_can.o
    0x08001ae6   0x08001ae6   0x00000002   Code   RO          216    i.COMPARATOR_IRQHandler  mdr32f9qx_it.o
    0x08001ae8   0x08001ae8   0x00000070   Code   RO          152    i.CPUClk80MHz_Init  main.o
    0x08001b58   0x08001b58   0x0000001c   Code   RO          819    i.Create_Timer_configure_GPS  timers.o
    0x08001b74   0x08001b74   0x00000002   Code   RO          217    i.DMA_IRQHandler    mdr32f9qx_it.o
    0x08001b76   0x08001b76   0x00000002   Code   RO          218    i.DebugMon_Handler  mdr32f9qx_it.o
    0x08001b78   0x08001b78   0x0000001a   Code   RO          779    i.Delay_MS          systick.o
    0x08001b92   0x08001b92   0x00000002   PAD
    0x08001b94   0x08001b94   0x0000000c   Code   RO         1981    i.EEPROM_SetLatency  mdr32f9qx_eeprom.o
    0x08001ba0   0x08001ba0   0x00000002   Code   RO          219    i.EXT_INT1_IRQHandler  mdr32f9qx_it.o
    0x08001ba2   0x08001ba2   0x00000002   Code   RO          220    i.EXT_INT2_IRQHandler  mdr32f9qx_it.o
    0x08001ba4   0x08001ba4   0x00000002   Code   RO          221    i.EXT_INT3_IRQHandler  mdr32f9qx_it.o
    0x08001ba6   0x08001ba6   0x00000002   Code   RO          222    i.EXT_INT4_IRQHandler  mdr32f9qx_it.o
    0x08001ba8   0x08001ba8   0x00000030   Code   RO          638    i.Func_GPIO_Init    pins.o
    0x08001bd8   0x08001bd8   0x00000018   Code   RO          416    i.GPS_Config        mnp_msg.o
    0x08001bf0   0x08001bf0   0x00000020   Code   RO          417    i.GPS_Init          mnp_msg.o
    0x08001c10   0x08001c10   0x00000044   Code   RO          820    i.GPS_PPS_DISABLE_IRQ_Callback  timers.o
    0x08001c54   0x08001c54   0x00000130   Code   RO          821    i.GPS_PPS_EXTI_Init  timers.o
    0x08001d84   0x08001d84   0x00000068   Code   RO          822    i.GPS_PPS_IRQ_Callback  timers.o
    0x08001dec   0x08001dec   0x0000009c   Code   RO          418    i.GPS_Read_Data     mnp_msg.o
    0x08001e88   0x08001e88   0x00000020   Code   RO          639    i.GPS_Reset         pins.o
    0x08001ea8   0x08001ea8   0x00000044   Code   RO          640    i.GPS_nRST_Init     pins.o
    0x08001eec   0x08001eec   0x0000005c   Code   RO          419    i.GPS_wait_data_Callback  mnp_msg.o
    0x08001f48   0x08001f48   0x00000028   Code   RO          641    i.Get_Module_Address  pins.o
    0x08001f70   0x08001f70   0x0000000c   Code   RO          780    i.Get_SysTick       systick.o
    0x08001f7c   0x08001f7c   0x00000008   Code   RO          223    i.HardFault_Handler  mdr32f9qx_it.o
    0x08001f84   0x08001f84   0x00000002   Code   RO          224    i.I2C_IRQHandler    mdr32f9qx_it.o
    0x08001f86   0x08001f86   0x00000014   Code   RO          642    i.InitBiLED         pins.o
    0x08001f9a   0x08001f9a   0x00000040   Code   RO          643    i.InitLED_Pin       pins.o
    0x08001fda   0x08001fda   0x00000002   PAD
    0x08001fdc   0x08001fdc   0x000001b4   Code   RO            6    i.Init_CAN          can.o
    0x08002190   0x08002190   0x0000005c   Code   RO          421    i.MKS_context_ini   mnp_msg.o
    0x080021ec   0x080021ec   0x00000020   Code   RO          422    i.MNP_CalcChkSum    mnp_msg.o
    0x0800220c   0x0800220c   0x00000190   Code   RO          423    i.MNP_M7_init       mnp_msg.o
    0x0800239c   0x0800239c   0x0000004e   Code   RO          424    i.MNP_PutMessage    mnp_msg.o
    0x080023ea   0x080023ea   0x00000002   PAD
    0x080023ec   0x080023ec   0x00000058   Code   RO          706    i.MNP_UART_Init     uart_func.o
    0x08002444   0x08002444   0x00000018   Code   RO          707    i.MNP_UART_MSG_Puts  uart_func.o
    0x0800245c   0x0800245c   0x00000008   Code   RO          225    i.MemManage_Handler  mdr32f9qx_it.o
    0x08002464   0x08002464   0x00000002   Code   RO          226    i.NMI_Handler       mdr32f9qx_it.o
    0x08002466   0x08002466   0x00000016   Code   RO          823    i.NVIC_EnableIRQ    timers.o
    0x0800247c   0x0800247c   0x00000028   Code   RO          824    i.NVIC_SetPriority  timers.o
    0x080024a4   0x080024a4   0x00000028   Code   RO          227    i.NVIC_SystemReset  mdr32f9qx_it.o
    0x080024cc   0x080024cc   0x000001c8   Code   RO         2204    i.PORT_Init         mdr32f9qx_port.o
    0x08002694   0x08002694   0x0000001c   Code   RO         2207    i.PORT_ResetBits    mdr32f9qx_port.o
    0x080026b0   0x080026b0   0x0000001c   Code   RO         2208    i.PORT_SetBits      mdr32f9qx_port.o
    0x080026cc   0x080026cc   0x0000001c   Code   RO         2209    i.PORT_StructInit   mdr32f9qx_port.o
    0x080026e8   0x080026e8   0x00000002   Code   RO          228    i.POWER_IRQHandler  mdr32f9qx_it.o
    0x080026ea   0x080026ea   0x00000002   PAD
    0x080026ec   0x080026ec   0x0000003c   Code   RO          644    i.PPS_Pin_Init      pins.o
    0x08002728   0x08002728   0x000001ac   Code   RO          426    i.Parse_MNP_MSG     mnp_msg.o
    0x080028d4   0x080028d4   0x00000002   Code   RO          229    i.PendSV_Handler    mdr32f9qx_it.o
    0x080028d6   0x080028d6   0x00000014   Code   RO          542    i.RING_Clear        ring_buffer.o
    0x080028ea   0x080028ea   0x00000024   Code   RO          543    i.RING_GetCount     ring_buffer.o
    0x0800290e   0x0800290e   0x0000001e   Code   RO          544    i.RING_Init         ring_buffer.o
    0x0800292c   0x0800292c   0x0000001a   Code   RO          545    i.RING_Pop          ring_buffer.o
    0x08002946   0x08002946   0x00000018   Code   RO          550    i.RING_Put          ring_buffer.o
    0x0800295e   0x0800295e   0x00000002   PAD
    0x08002960   0x08002960   0x0000000c   Code   RO         2381    i.RST_CLK_CPU_PLLcmd  mdr32f9qx_rst_clk.o
    0x0800296c   0x0800296c   0x00000040   Code   RO         2382    i.RST_CLK_CPU_PLLconfig  mdr32f9qx_rst_clk.o
    0x080029ac   0x080029ac   0x00000034   Code   RO         2383    i.RST_CLK_CPU_PLLstatus  mdr32f9qx_rst_clk.o
    0x080029e0   0x080029e0   0x0000000c   Code   RO         2384    i.RST_CLK_CPU_PLLuse  mdr32f9qx_rst_clk.o
    0x080029ec   0x080029ec   0x00000018   Code   RO         2385    i.RST_CLK_CPUclkPrescaler  mdr32f9qx_rst_clk.o
    0x08002a04   0x08002a04   0x00000014   Code   RO         2386    i.RST_CLK_CPUclkSelection  mdr32f9qx_rst_clk.o
    0x08002a18   0x08002a18   0x00000274   Code   RO         2388    i.RST_CLK_GetClocksFreq  mdr32f9qx_rst_clk.o
    0x08002c8c   0x08002c8c   0x00000034   Code   RO         2389    i.RST_CLK_GetFlagStatus  mdr32f9qx_rst_clk.o
    0x08002cc0   0x08002cc0   0x0000003c   Code   RO         2391    i.RST_CLK_HSEconfig  mdr32f9qx_rst_clk.o
    0x08002cfc   0x08002cfc   0x00000034   Code   RO         2392    i.RST_CLK_HSEstatus  mdr32f9qx_rst_clk.o
    0x08002d30   0x08002d30   0x00000020   Code   RO         2402    i.RST_CLK_PCLKcmd   mdr32f9qx_rst_clk.o
    0x08002d50   0x08002d50   0x00000010   Code   RO          825    i.Reload_Timer_GPS_UART_Timeout  timers.o
    0x08002d60   0x08002d60   0x00000002   Code   RO          230    i.SSP1_IRQHandler   mdr32f9qx_it.o
    0x08002d62   0x08002d62   0x00000002   Code   RO          231    i.SSP2_IRQHandler   mdr32f9qx_it.o
    0x08002d64   0x08002d64   0x00000002   Code   RO          232    i.SVC_Handler       mdr32f9qx_it.o
    0x08002d66   0x08002d66   0x00000062   Code   RO          646    i.SetBiLED          pins.o
    0x08002dc8   0x08002dc8   0x0000004e   Code   RO          428    i.Set_GNSS_interval  mnp_msg.o
    0x08002e16   0x08002e16   0x00000002   PAD
    0x08002e18   0x08002e18   0x00000034   Code   RO          154    i.StartUpDelay      main.o
    0x08002e4c   0x08002e4c   0x00000028   Code   RO          781    i.SysTick_Handler   systick.o
    0x08002e74   0x08002e74   0x00000020   Code   RO          782    i.SysTick_Init      systick.o
    0x08002e94   0x08002e94   0x00000090   Code   RO         3599    i.SystemCoreClockUpdate  system_mdr32f9qx.o
    0x08002f24   0x08002f24   0x00000040   Code   RO         3600    i.SystemInit        system_mdr32f9qx.o
    0x08002f64   0x08002f64   0x00000054   Code   RO         2691    i.TIMER_BRGInit     mdr32f9qx_timer.o
    0x08002fb8   0x08002fb8   0x00000046   Code   RO         2703    i.TIMER_ChnInit     mdr32f9qx_timer.o
    0x08002ffe   0x08002ffe   0x0000001c   Code   RO         2716    i.TIMER_ChnStructInit  mdr32f9qx_timer.o
    0x0800301a   0x0800301a   0x00000008   Code   RO         2717    i.TIMER_ClearFlag   mdr32f9qx_timer.o
    0x08003022   0x08003022   0x00000014   Code   RO         2718    i.TIMER_Cmd         mdr32f9qx_timer.o
    0x08003036   0x08003036   0x00000036   Code   RO         2721    i.TIMER_CntInit     mdr32f9qx_timer.o
    0x0800306c   0x0800306c   0x0000001c   Code   RO         2722    i.TIMER_CntStructInit  mdr32f9qx_timer.o
    0x08003088   0x08003088   0x00000044   Code   RO         2725    i.TIMER_DeInit      mdr32f9qx_timer.o
    0x080030cc   0x080030cc   0x00000018   Code   RO         2738    i.TIMER_GetITStatus  mdr32f9qx_timer.o
    0x080030e4   0x080030e4   0x00000012   Code   RO         2740    i.TIMER_ITConfig    mdr32f9qx_timer.o
    0x080030f6   0x080030f6   0x00000004   Code   RO         2745    i.TIMER_SetCounter  mdr32f9qx_timer.o
    0x080030fa   0x080030fa   0x00000002   PAD
    0x080030fc   0x080030fc   0x0000003c   Code   RO          155    i.Task_Control_LEDs  main.o
    0x08003138   0x08003138   0x00000008   Code   RO          233    i.Timer1_IRQHandler  mdr32f9qx_it.o
    0x08003140   0x08003140   0x00000008   Code   RO          234    i.Timer2_IRQHandler  mdr32f9qx_it.o
    0x08003148   0x08003148   0x00000008   Code   RO          235    i.Timer3_IRQHandler  mdr32f9qx_it.o
    0x08003150   0x08003150   0x00000008   Code   RO          236    i.UART1_IRQHandler  mdr32f9qx_it.o
    0x08003158   0x08003158   0x00000008   Code   RO          237    i.UART2_IRQHandler  mdr32f9qx_it.o
    0x08003160   0x08003160   0x0000002c   Code   RO          708    i.UARTSetBaud       uart_func.o
    0x0800318c   0x0800318c   0x0000003c   Code   RO         3041    i.UART_BRGInit      mdr32f9qx_uart.o
    0x080031c8   0x080031c8   0x00000040   Code   RO          709    i.UART_CharReception_Callback  uart_func.o
    0x08003208   0x08003208   0x00000008   Code   RO         3043    i.UART_ClearITPendingBit  mdr32f9qx_uart.o
    0x08003210   0x08003210   0x00000018   Code   RO         3044    i.UART_Cmd          mdr32f9qx_uart.o
    0x08003228   0x08003228   0x00000010   Code   RO         3048    i.UART_GetFlagStatus  mdr32f9qx_uart.o
    0x08003238   0x08003238   0x00000010   Code   RO         3050    i.UART_GetITStatusMasked  mdr32f9qx_uart.o
    0x08003248   0x08003248   0x00000012   Code   RO         3051    i.UART_ITConfig     mdr32f9qx_uart.o
    0x0800325a   0x0800325a   0x00000002   PAD
    0x0800325c   0x0800325c   0x000000b0   Code   RO         3052    i.UART_Init         mdr32f9qx_uart.o
    0x0800330c   0x0800330c   0x00000048   Code   RO          710    i.UART_InitIRQ      uart_func.o
    0x08003354   0x08003354   0x000000cc   Code   RO          711    i.UART_LoLevel_Init  uart_func.o
    0x08003420   0x08003420   0x00000008   Code   RO         3055    i.UART_ReceiveData  mdr32f9qx_uart.o
    0x08003428   0x08003428   0x00000006   Code   RO         3056    i.UART_SendData     mdr32f9qx_uart.o
    0x0800342e   0x0800342e   0x00000002   PAD
    0x08003430   0x08003430   0x00000020   Code   RO          826    i.UART_TIMER_Callback  timers.o
    0x08003450   0x08003450   0x00000070   Code   RO          827    i.UART_TIMER_Init   timers.o
    0x080034c0   0x080034c0   0x00000032   Code   RO          712    i.UART_TX_Data      uart_func.o
    0x080034f2   0x080034f2   0x00000002   Code   RO          238    i.USB_IRQHandler    mdr32f9qx_it.o
    0x080034f4   0x080034f4   0x00000004   Code   RO          239    i.UsageFault_Handler  mdr32f9qx_it.o
    0x080034f8   0x080034f8   0x00000002   Code   RO          240    i.WWDG_IRQHandler   mdr32f9qx_it.o
    0x080034fa   0x080034fa   0x0000000e   Code   RO         3864    i._is_digit         c_w.l(__printf_wp.o)
    0x08003508   0x08003508   0x000000a2   Code   RO         3639    i.cmp_date          time64.o
    0x080035aa   0x080035aa   0x0000001e   Code   RO         3640    i.copy_TM64_to_tm   time64.o
    0x080035c8   0x080035c8   0x0000001e   Code   RO         3641    i.copy_tm_to_TM64   time64.o
    0x080035e6   0x080035e6   0x0000005e   Code   RO         3644    i.cycle_offset      time64.o
    0x08003644   0x08003644   0x0000002c   Code   RO         3645    i.date_in_safe_range  time64.o
    0x08003670   0x08003670   0x0000001a   Code   RO         3971    i.fputc             c_w.l(fputc.o)
    0x0800368a   0x0800368a   0x00000040   Code   RO         3650    i.is_exception_century  time64.o
    0x080036ca   0x080036ca   0x00000002   PAD
    0x080036cc   0x080036cc   0x00000090   Code   RO          156    i.main              main.o
    0x0800375c   0x0800375c   0x0000009c   Code   RO         3653    i.mktime64          time64.o
    0x080037f8   0x080037f8   0x000001a0   Code   RO         3654    i.safe_year         time64.o
    0x08003998   0x08003998   0x000001bc   Code   RO         3655    i.seconds_between_years  time64.o
    0x08003b54   0x08003b54   0x00000028   Code   RO          828    i.timers_ini        timers.o
    0x08003b7c   0x08003b7c   0x00000050   Code   RO          829    i.vTimerGPSCfgCallback  timers.o
    0x08003bcc   0x08003bcc   0x00000050   Code   RO          830    i.vTimerGPSPPSCtrlCallback  timers.o
    0x08003c1c   0x08003c1c   0x00000028   Code   RO          831    i.vTimerGPSPPSTimeoutCallback  timers.o
    0x08003c44   0x08003c44   0x00000038   Code   RO          832    i.vTimerGPSUARTTimeoutCallback  timers.o
    0x08003c7c   0x08003c7c   0x00000024   Code   RO            7    i.vTimerRCVSelfC2RqstTimeoutCallback  can.o
    0x08003ca0   0x08003ca0   0x00000038   Code   RO            8    i.vTimerSelfC2RqstCallback  can.o
    0x08003cd8   0x08003cd8   0x00000080   Code   RO          833    i.xTimer_Create     timers.o
    0x08003d58   0x08003d58   0x00000020   Code   RO          834    i.xTimer_Delete     timers.o
    0x08003d78   0x08003d78   0x0000000c   Code   RO          835    i.xTimer_Init       timers.o
    0x08003d84   0x08003d84   0x00000034   Code   RO          836    i.xTimer_Reload     timers.o
    0x08003db8   0x08003db8   0x00000014   Code   RO          837    i.xTimer_SetPeriod  timers.o
    0x08003dcc   0x08003dcc   0x00000068   Code   RO          838    i.xTimer_Task       timers.o
    0x08003e34   0x08003e34   0x00000018   Code   RO         3936    x$fpl$fcmpinf       fz_ws.l(fcmpi.o)
    0x08003e4c   0x08003e4c   0x00000184   Code   RO         3900    x$fpl$fdiv          fz_ws.l(fdiv.o)
    0x08003fd0   0x08003fd0   0x00000026   Code   RO         3903    x$fpl$ffltu         fz_ws.l(fflt_clz.o)
    0x08003ff6   0x08003ff6   0x00000002   PAD
    0x08003ff8   0x08003ff8   0x00000068   Code   RO         3909    x$fpl$fleqf         fz_ws.l(fleqf.o)
    0x08004060   0x08004060   0x0000008c   Code   RO         3938    x$fpl$fnaninf       fz_ws.l(fnaninf.o)
    0x080040ec   0x080040ec   0x0000000a   Code   RO         3940    x$fpl$fretinf       fz_ws.l(fretinf.o)
    0x080040f6   0x080040f6   0x00000000   Code   RO         3942    x$fpl$usenofp       fz_ws.l(usenofp.o)
    0x080040f6   0x080040f6   0x00000002   PAD
    0x080040f8   0x080040f8   0x00000028   Data   RO          647    .constdata          pins.o
    0x08004120   0x08004120   0x00000168   Data   RO         3661    .constdata          time64.o
    0x08004288   0x08004288   0x00000028   Data   RO         3837    .constdata          c_w.l(_printf_hex_int.o)
    0x080042b0   0x080042b0   0x0000000c   Data   RO         3935    .constdata          c_w.l(_monlen.o)
    0x080042bc   0x080042bc   0x00000004   Data   RO         3987    .constdata          c_w.l(sys_io.o)
    0x080042c0   0x080042c0   0x00000004   Data   RO         3988    .constdata          c_w.l(sys_io.o)
    0x080042c4   0x080042c4   0x00000004   Data   RO         3989    .constdata          c_w.l(sys_io.o)
    0x080042c8   0x080042c8   0x00000020   Data   RO         4288    Region$$Table       anon$$obj.o


    Execution Region RW_IRAM1 (Exec base: 0x20000000, Load base: 0x080042e8, Size: 0x00000f88, Max: 0x00008000, ABSOLUTE)

    Exec Addr    Load Addr    Size         Type   Attr      Idx    E Section Name        Object

    0x20000000   0x080042e8   0x00000044   Data   RW           10    .data               can.o
    0x20000044   0x0800432c   0x00000010   Data   RW          157    .data               main.o
    0x20000054   0x0800433c   0x00000014   Data   RW          433    .data               mnp_msg.o
    0x20000068   0x08004350   0x00000010   Data   RW          648    .data               pins.o
    0x20000078   0x08004360   0x00000011   Data   RW          714    .data               uart_func.o
    0x20000089   0x08004371   0x00000003   PAD
    0x2000008c   0x08004374   0x00000008   Data   RW          783    .data               systick.o
    0x20000094   0x0800437c   0x00000024   Data   RW          840    .data               timers.o
    0x200000b8   0x080043a0   0x00000004   Data   RW         3601    .data               system_mdr32f9qx.o
    0x200000bc   0x080043a4   0x00000004   Data   RW         3928    .data               c_w.l(stdio_streams.o)
    0x200000c0   0x080043a8   0x00000004   Data   RW         3929    .data               c_w.l(stdio_streams.o)
    0x200000c4   0x080043ac   0x00000004   Data   RW         3930    .data               c_w.l(stdio_streams.o)
    0x200000c8        -       0x00000010   Zero   RW            9    .bss                can.o
    0x200000d8        -       0x00000448   Zero   RW          432    .bss                mnp_msg.o
    0x20000520        -       0x0000024c   Zero   RW          713    .bss                uart_func.o
    0x2000076c        -       0x000000c0   Zero   RW          839    .bss                timers.o
    0x2000082c        -       0x00000054   Zero   RW         3925    .bss                c_w.l(stdio_streams.o)
    0x20000880        -       0x00000054   Zero   RW         3926    .bss                c_w.l(stdio_streams.o)
    0x200008d4        -       0x00000054   Zero   RW         3927    .bss                c_w.l(stdio_streams.o)
    0x20000928        -       0x00000060   Zero   RW         4153    .bss                c_w.l(libspace.o)
    0x20000988        -       0x00000200   Zero   RW         3630    HEAP                startup_mdr32f9qx.o
    0x20000b88        -       0x00000400   Zero   RW         3629    STACK               startup_mdr32f9qx.o


==============================================================================

Image component sizes


      Code (inc. data)   RO Data    RW Data    ZI Data      Debug   Object Name

      1424        136          0         68         16     124839   can.o
       368         34          0         16          0       2610   main.o
        24         12          0          0          0        992   mdr32f9qx_bkp.o
       392          8          0          0          0       5969   mdr32f9qx_can.o
       282          0          0          0          0       4317   mdr32f9qx_can_helper.o
        12          6          0          0          0        516   mdr32f9qx_eeprom.o
       144         10          0          0          0      11863   mdr32f9qx_it.o
       540         18          0          0          0       3070   mdr32f9qx_port.o
      1008         60          0          0          0       9784   mdr32f9qx_rst_clk.o
       406         16          0          0          0       7017   mdr32f9qx_timer.o
       332         26          0          0          0       6580   mdr32f9qx_uart.o
      1412        100          0         20       1096      10533   mnp_msg.o
       430         26         40         16          0       4233   pins.o
       136          0          0          0          0       2887   ring_buffer.o
        64         26        192          0       1536        852   startup_mdr32f9qx.o
       208         24          0          4          0       1471   system_mdr32f9qx.o
       110         26          0          8          0       1914   systick.o
      1440        156        360          0          0       9007   time64.o
      1370        182          0         36        192      33764   timers.o
       546         54          0         17        588      28436   uart_func.o

    ----------------------------------------------------------------------
     10672        920        624        188       3428     270654   Object Totals
         0          0         32          0          0          0   (incl. Generated)
        24          0          0          3          0          0   (incl. Padding)

    ----------------------------------------------------------------------

      Code (inc. data)   RO Data    RW Data    ZI Data      Debug   Library Member Name

         8          0          0          0          0         68   __main.o
       284          0          0          0          0        156   __printf_wp.o
         0          0          0          0          0          0   __rtentry.o
        12          0          0          0          0          0   __rtentry2.o
         6          0          0          0          0          0   __rtentry4.o
        52          8          0          0          0          0   __scatter.o
        26          0          0          0          0          0   __scatter_copy.o
        28          0          0          0          0          0   __scatter_zi.o
         0          0         12          0          0          0   _monlen.o
        44          0          0          0          0        108   _printf_char.o
        48          6          0          0          0         96   _printf_char_common.o
        36          4          0          0          0         80   _printf_char_file.o
        88          4         40          0          0         88   _printf_hex_int.o
       178          0          0          0          0         88   _printf_intcommon.o
         0          0          0          0          0          0   _printf_percent.o
         4          0          0          0          0          0   _printf_percent_end.o
         6          0          0          0          0          0   _printf_s.o
        82          0          0          0          0         80   _printf_str.o
         6          0          0          0          0          0   _printf_x.o
        10          0          0          0          0         68   _sputc.o
        22          0          0          0          0         80   abort.o
       128         42          0          0          0         76   assert.o
        24          6          0          0          0         80   assert_stdio.o
        48         34          0          0          0         76   defsig_abrt_inner.o
        14          0          0          0          0         80   defsig_abrt_outer.o
        10          0          0          0          0         68   defsig_exit.o
        50          0          0          0          0         88   defsig_general.o
        80         58          0          0          0         76   defsig_rtmem_inner.o
        14          0          0          0          0         80   defsig_rtmem_outer.o
        52         38          0          0          0         76   defsig_rtred_inner.o
        14          0          0          0          0         80   defsig_rtred_outer.o
        18          0          0          0          0         80   exit.o
        76          0          0          0          0         88   fclose.o
         8          0          0          0          0         68   ferror.o
       100          4          0          0          0        120   fflush.o
       470          0          0          0          0         88   flsbuf.o
       236          4          0          0          0        128   fopen.o
        26          0          0          0          0         68   fputc.o
        34          0          0          0          0         80   fputs.o
       248          6          0          0          0         84   fseek.o
        66          0          0          0          0         76   ftell.o
        94          0          0          0          0         80   h1_alloc.o
        52          0          0          0          0         68   h1_extend.o
        78          0          0          0          0         80   h1_free.o
        14          0          0          0          0         84   h1_init.o
         6          0          0          0          0        152   heapauxi.o
         4          0          0          0          0        136   hguard.o
         0          0          0          0          0          0   indicate_semi.o
       138          0          0          0          0        168   init_alloc.o
       312         46          0          0          0        112   initio.o
         2          0          0          0          0          0   libinit.o
        14          0          0          0          0          0   libinit2.o
         2          0          0          0          0          0   libshutdown.o
         6          0          0          0          0          0   libshutdown2.o
         8          4          0          0         96         68   libspace.o
        72          0          0          0          0         76   llsdiv.o
       238          0          0          0          0        100   lludivv7m.o
         0          0          0          0          0          0   maybetermalloc1.o
       428         10          0          0          0        116   mktime.o
        24          4          0          0          0         84   noretval__2printf.o
        40          6          0          0          0         84   noretval__2sprintf.o
         8          4          0          0          0         68   rt_errno_addr_intlibspace.o
         8          4          0          0          0         68   rt_heap_descriptor_intlibspace.o
        68          0          0          0          0         68   rt_memclr.o
        78          0          0          0          0         80   rt_memclr_w.o
       100          0          0          0          0         80   rt_memcpy_w.o
         2          0          0          0          0          0   rtexit.o
        10          0          0          0          0          0   rtexit2.o
        70          0          0          0          0         80   setvbuf.o
       240          6          0          0          0        156   stdio.o
         0          0          0         12        252          0   stdio_streams.o
        62          0          0          0          0         76   strlen.o
        12          4          0          0          0         68   sys_exit.o
       102          0         12          0          0        240   sys_io.o
        74          0          0          0          0         80   sys_stackheap_outer.o
        14          0          0          0          0         76   sys_wrch.o
         2          0          0          0          0         68   use_no_semi.o
        24          0          0          0          0         68   fcmpi.o
       388         76          0          0          0         96   fdiv.o
        38          0          0          0          0         68   fflt_clz.o
       104          4          0          0          0         84   fleqf.o
       140          4          0          0          0         84   fnaninf.o
        10          0          0          0          0         68   fretinf.o
         0          0          0          0          0          0   usenofp.o

    ----------------------------------------------------------------------
      5768        386         64         12        348       5656   Library Totals
        26          0          0          0          0          0   (incl. Padding)

    ----------------------------------------------------------------------

      Code (inc. data)   RO Data    RW Data    ZI Data      Debug   Library Name

      5038        302         64         12        348       5188   c_w.l
       704         84          0          0          0        468   fz_ws.l

    ----------------------------------------------------------------------
      5768        386         64         12        348       5656   Library Totals

    ----------------------------------------------------------------------

==============================================================================


      Code (inc. data)   RO Data    RW Data    ZI Data      Debug   

     16440       1306        688        200       3776     265126   Grand Totals
     16440       1306        688        200       3776     265126   ELF Image Totals
     16440       1306        688        200          0          0   ROM Totals

==============================================================================

    Total RO  Size (Code + RO Data)                17128 (  16.73kB)
    Total RW  Size (RW Data + ZI Data)              3976 (   3.88kB)
    Total ROM Size (Code + RO Data + RW Data)      17328 (  16.92kB)

==============================================================================

